============================================================
RADIANCE HERTZ ΓÇö 1B SGS Language Model
============================================================
Device: cuda
  GPU: NVIDIA GeForce RTX 4090
  VRAM: 25.8 GB
  BLAS: default (cuBLASLt preference unsupported on Windows)

============================================================
PHASE 1: Data preparation
============================================================
  Data already prepared in data\hertz_mix
  Train: 808,696,232 tokens, Val: 8,124,440 tokens
  Vocab: 32000

============================================================
PHASE 2: Training
============================================================
  Batch size: 2 x 32 accum = 64 effective
  Steps/epoch: 788,202
  Total steps: 788,202
  Optimizer steps: 24,631

  Creating model...
  Parameters: 640,812,055 (640.8M / 0.64B)
    tok_mu: 8,192,000 (1.3%)
    tok_log_var: 8,192,000 (1.3%)
    tok_raw_alpha: 32,000 (0.0%)
    tok_features: 118,400,000 (18.5%)
    pos_mu: 131,072 (0.0%)
    log_tau: 1 (0.0%)
    query_proj: 263,168 (0.0%)
    head_proj: 54,763,700 (8.5%)
    mu_update: 3,789,312 (0.6%)
    alpha_gate: 14,802 (0.0%)
    pass_ffn: 328,626,600 (51.3%)
    ln_f: 7,400 (0.0%)
    lm_head: 118,400,000 (18.5%)
  Mixed precision: bf16
  torch.compile: OFF (Triton not available)

  Starting training (1 epochs)...
  epoch 1 opt_step      50 | loss 8.9371 avg 8.9371 | lr 1.04e-05 gnorm 1.73 | tau 128.0 | 18911 tok/s | ETA 146.9h (6.1d)
  epoch 1 opt_step     100 | loss 7.8139 avg 8.3755 | lr 1.79e-05 gnorm 1.48 | tau 127.9 | 19011 tok/s | ETA 146.1h (6.1d)
  epoch 1 opt_step     150 | loss 7.5729 avg 8.1079 | lr 2.53e-05 gnorm 1.95 | tau 127.7 | 18875 tok/s | ETA 147.1h (6.1d)
  epoch 1 opt_step     200 | loss 7.4332 avg 7.9393 | lr 3.27e-05 gnorm 2.02 | tau 127.5 | 19228 tok/s | ETA 144.4h (6.0d)
  epoch 1 opt_step     250 | loss 7.2710 avg 7.8056 | lr 4.01e-05 gnorm 1.78 | tau 127.3 | 19233 tok/s | ETA 144.3h (6.0d)
  epoch 1 opt_step     300 | loss 7.1138 avg 7.6903 | lr 4.76e-05 gnorm 1.31 | tau 127.0 | 19036 tok/s | ETA 145.8h (6.1d)
  epoch 1 opt_step     350 | loss 7.0019 avg 7.5920 | lr 5.50e-05 gnorm 1.85 | tau 126.7 | 18773 tok/s | ETA 147.8h (6.2d)
  epoch 1 opt_step     400 | loss 6.9027 avg 7.5058 | lr 6.24e-05 gnorm 1.34 | tau 126.4 | 18757 tok/s | ETA 147.9h (6.2d)
  epoch 1 opt_step     450 | loss 6.8227 avg 7.4299 | lr 6.98e-05 gnorm 1.03 | tau 126.0 | 18707 tok/s | ETA 148.3h (6.2d)
  epoch 1 opt_step     500 | loss 6.7603 avg 7.3629 | lr 7.73e-05 gnorm 1.31 | tau 125.6 | 18704 tok/s | ETA 148.3h (6.2d)
  epoch 1 opt_step     550 | loss 6.6883 avg 7.3016 | lr 8.47e-05 gnorm 1.06 | tau 125.1 | 18684 tok/s | ETA 148.4h (6.2d)
  epoch 1 opt_step     600 | loss 6.6271 avg 7.2454 | lr 9.21e-05 gnorm 1.10 | tau 124.7 | 18695 tok/s | ETA 148.3h (6.2d)
  epoch 1 opt_step     650 | loss 6.5816 avg 7.1943 | lr 9.95e-05 gnorm 1.19 | tau 124.2 | 18790 tok/s | ETA 147.5h (6.1d)
  epoch 1 opt_step     700 | loss 6.5510 avg 7.1484 | lr 1.07e-04 gnorm 1.33 | tau 123.7 | 19375 tok/s | ETA 143.0h (6.0d)
  epoch 1 opt_step     750 | loss 6.5129 avg 7.1060 | lr 1.14e-04 gnorm 1.37 | tau 123.2 | 19180 tok/s | ETA 144.5h (6.0d)
  epoch 1 opt_step     800 | loss 6.4721 avg 7.0664 | lr 1.22e-04 gnorm 0.93 | tau 122.7 | 18756 tok/s | ETA 147.7h (6.2d)
  epoch 1 opt_step     850 | loss 6.4442 avg 7.0298 | lr 1.29e-04 gnorm 1.04 | tau 122.2 | 18947 tok/s | ETA 146.2h (6.1d)
  epoch 1 opt_step     900 | loss 6.4151 avg 6.9957 | lr 1.37e-04 gnorm 0.85 | tau 121.6 | 18942 tok/s | ETA 146.2h (6.1d)
  epoch 1 opt_step     950 | loss 6.3839 avg 6.9635 | lr 1.44e-04 gnorm 1.16 | tau 121.1 | 19079 tok/s | ETA 145.1h (6.0d)
  epoch 1 opt_step    1000 | loss 6.3604 avg 6.9333 | lr 1.52e-04 gnorm 1.28 | tau 120.5 | 19397 tok/s | ETA 142.7h (5.9d)
  epoch 1 opt_step    1050 | loss 6.3180 avg 6.9040 | lr 1.59e-04 gnorm 1.46 | tau 119.9 | 19377 tok/s | ETA 142.9h (6.0d)
  epoch 1 opt_step    1100 | loss 6.2896 avg 6.8761 | lr 1.66e-04 gnorm 1.34 | tau 119.4 | 18695 tok/s | ETA 148.0h (6.2d)
  epoch 1 opt_step    1150 | loss 6.2731 avg 6.8499 | lr 1.74e-04 gnorm 1.35 | tau 118.8 | 18713 tok/s | ETA 147.9h (6.2d)
  epoch 1 opt_step    1200 | loss 6.2302 avg 6.8240 | lr 1.81e-04 gnorm 0.93 | tau 118.1 | 18724 tok/s | ETA 147.8h (6.2d)
  epoch 1 opt_step    1250 | loss 6.1960 avg 6.7989 | lr 1.89e-04 gnorm 1.41 | tau 117.4 | 18731 tok/s | ETA 147.7h (6.2d)
  epoch 1 opt_step    1300 | loss 6.1522 avg 6.7740 | lr 1.96e-04 gnorm 1.07 | tau 116.8 | 18708 tok/s | ETA 147.8h (6.2d)
  epoch 1 opt_step    1350 | loss 6.1336 avg 6.7503 | lr 2.03e-04 gnorm 1.05 | tau 116.0 | 18716 tok/s | ETA 147.8h (6.2d)
  epoch 1 opt_step    1400 | loss 6.0944 avg 6.7269 | lr 2.11e-04 gnorm 0.88 | tau 115.1 | 18720 tok/s | ETA 147.7h (6.2d)
  epoch 1 opt_step    1450 | loss 6.0689 avg 6.7042 | lr 2.18e-04 gnorm 1.00 | tau 114.2 | 18718 tok/s | ETA 147.7h (6.2d)
  epoch 1 opt_step    1500 | loss 6.0352 avg 6.6819 | lr 2.26e-04 gnorm 0.92 | tau 113.2 | 18712 tok/s | ETA 147.7h (6.2d)
  epoch 1 opt_step    1550 | loss 5.9896 avg 6.6596 | lr 2.33e-04 gnorm 0.99 | tau 112.2 | 18716 tok/s | ETA 147.7h (6.2d)
  epoch 1 opt_step    1600 | loss 5.9579 avg 6.6377 | lr 2.41e-04 gnorm 0.96 | tau 111.2 | 18707 tok/s | ETA 147.7h (6.2d)
  epoch 1 opt_step    1650 | loss 5.9294 avg 6.6162 | lr 2.48e-04 gnorm 1.05 | tau 110.1 | 18720 tok/s | ETA 147.6h (6.1d)
  epoch 1 opt_step    1700 | loss 5.9047 avg 6.5953 | lr 2.55e-04 gnorm 1.14 | tau 109.1 | 18728 tok/s | ETA 147.5h (6.1d)
  epoch 1 opt_step    1750 | loss 5.8677 avg 6.5745 | lr 2.63e-04 gnorm 0.72 | tau 107.9 | 18729 tok/s | ETA 147.5h (6.1d)
  epoch 1 opt_step    1800 | loss 5.8391 avg 6.5540 | lr 2.70e-04 gnorm 0.97 | tau 106.8 | 18719 tok/s | ETA 147.5h (6.1d)
  epoch 1 opt_step    1850 | loss 5.8144 avg 6.5341 | lr 2.78e-04 gnorm 0.82 | tau 105.6 | 18719 tok/s | ETA 147.5h (6.1d)
  epoch 1 opt_step    1900 | loss 5.8016 avg 6.5148 | lr 2.85e-04 gnorm 0.76 | tau 104.5 | 19157 tok/s | ETA 144.1h (6.0d)
  epoch 1 opt_step    1950 | loss 5.7716 avg 6.4957 | lr 2.93e-04 gnorm 0.72 | tau 103.4 | 19380 tok/s | ETA 142.4h (5.9d)
C:\Users\feama\sgs\.venv\Lib\site-packages\torch\optim\lr_scheduler.py:243: UserWarning: The epoch parameter in `scheduler.step()` was not necessary and is being deprecated where possible. Please use `scheduler.step()` to step the scheduler. During the deprecation, if epoch is different from None, the closed form is used instead of the new chainable form, where available. Please open an issue if you are unable to replicate your use case: https://github.com/pytorch/pytorch/issues/new/choose.
  warnings.warn(EPOCH_DEPRECATION_WARNING, UserWarning)
  epoch 1 opt_step    2000 | loss 5.7407 avg 6.4769 | lr 3.00e-04 gnorm 1.06 | tau 102.3 | 19391 tok/s | ETA 142.3h (5.9d)
  >>> val loss 5.6538 ppl 285.4
  Saved checkpoints\hertz12\best.pt
  Saved checkpoints\hertz12\step_2000.pt
  epoch 1 opt_step    2050 | loss 5.7342 avg 6.4587 | lr 3.00e-04 gnorm 0.69 | tau 101.1 | 15628 tok/s | ETA 176.5h (7.4d)
  epoch 1 opt_step    2100 | loss 5.6953 avg 6.4406 | lr 3.00e-04 gnorm 0.74 | tau 100.0 | 18915 tok/s | ETA 145.8h (6.1d)
  epoch 1 opt_step    2150 | loss 5.6752 avg 6.4228 | lr 3.00e-04 gnorm 0.84 | tau 98.9 | 19394 tok/s | ETA 142.2h (5.9d)
  epoch 1 opt_step    2200 | loss 5.6545 avg 6.4053 | lr 3.00e-04 gnorm 0.67 | tau 97.8 | 19052 tok/s | ETA 144.7h (6.0d)
  epoch 1 opt_step    2250 | loss 5.6343 avg 6.3882 | lr 3.00e-04 gnorm 0.74 | tau 96.7 | 18805 tok/s | ETA 146.6h (6.1d)
  epoch 1 opt_step    2300 | loss 5.6126 avg 6.3713 | lr 3.00e-04 gnorm 0.84 | tau 95.6 | 19407 tok/s | ETA 142.1h (5.9d)
  epoch 1 opt_step    2350 | loss 5.6054 avg 6.3550 | lr 3.00e-04 gnorm 0.83 | tau 94.6 | 19349 tok/s | ETA 142.5h (5.9d)
  epoch 1 opt_step    2400 | loss 5.5730 avg 6.3387 | lr 3.00e-04 gnorm 0.79 | tau 93.7 | 19370 tok/s | ETA 142.3h (5.9d)
  epoch 1 opt_step    2450 | loss 5.5425 avg 6.3225 | lr 3.00e-04 gnorm 0.79 | tau 92.7 | 19423 tok/s | ETA 141.9h (5.9d)
  epoch 1 opt_step    2500 | loss 5.5297 avg 6.3066 | lr 3.00e-04 gnorm 0.69 | tau 91.9 | 19425 tok/s | ETA 141.8h (5.9d)
  epoch 1 opt_step    2550 | loss 5.5267 avg 6.2913 | lr 3.00e-04 gnorm 0.72 | tau 91.0 | 19423 tok/s | ETA 141.8h (5.9d)
  epoch 1 opt_step    2600 | loss 5.4983 avg 6.2761 | lr 2.99e-04 gnorm 0.74 | tau 90.2 | 19412 tok/s | ETA 141.9h (5.9d)
  epoch 1 opt_step    2650 | loss 5.4926 avg 6.2613 | lr 2.99e-04 gnorm 0.70 | tau 89.5 | 19422 tok/s | ETA 141.8h (5.9d)
  epoch 1 opt_step    2700 | loss 5.4766 avg 6.2468 | lr 2.99e-04 gnorm 0.62 | tau 88.7 | 19424 tok/s | ETA 141.7h (5.9d)
  epoch 1 opt_step    2750 | loss 5.4563 avg 6.2324 | lr 2.99e-04 gnorm 0.60 | tau 88.1 | 19425 tok/s | ETA 141.7h (5.9d)
  epoch 1 opt_step    2800 | loss 5.4343 avg 6.2181 | lr 2.99e-04 gnorm 0.68 | tau 87.4 | 19422 tok/s | ETA 141.7h (5.9d)
  epoch 1 opt_step    2850 | loss 5.4260 avg 6.2042 | lr 2.99e-04 gnorm 0.70 | tau 86.8 | 19422 tok/s | ETA 141.7h (5.9d)
  epoch 1 opt_step    2900 | loss 5.4103 avg 6.1905 | lr 2.99e-04 gnorm 0.65 | tau 86.2 | 19421 tok/s | ETA 141.7h (5.9d)
  epoch 1 opt_step    2950 | loss 5.4031 avg 6.1772 | lr 2.99e-04 gnorm 0.63 | tau 85.5 | 19426 tok/s | ETA 141.6h (5.9d)
  epoch 1 opt_step    3000 | loss 5.3866 avg 6.1640 | lr 2.99e-04 gnorm 0.79 | tau 84.9 | 19479 tok/s | ETA 141.2h (5.9d)
  epoch 1 opt_step    3050 | loss 5.3728 avg 6.1511 | lr 2.98e-04 gnorm 0.65 | tau 84.3 | 19524 tok/s | ETA 140.9h (5.9d)
  epoch 1 opt_step    3100 | loss 5.3652 avg 6.1384 | lr 2.98e-04 gnorm 0.67 | tau 83.8 | 19532 tok/s | ETA 140.8h (5.9d)
  epoch 1 opt_step    3150 | loss 5.3538 avg 6.1259 | lr 2.98e-04 gnorm 0.63 | tau 83.3 | 19522 tok/s | ETA 140.8h (5.9d)
  epoch 1 opt_step    3200 | loss 5.3350 avg 6.1136 | lr 2.98e-04 gnorm 0.75 | tau 82.9 | 19526 tok/s | ETA 140.8h (5.9d)
  epoch 1 opt_step    3250 | loss 5.3217 avg 6.1014 | lr 2.98e-04 gnorm 0.60 | tau 82.4 | 19524 tok/s | ETA 140.8h (5.9d)
  epoch 1 opt_step    3300 | loss 5.3202 avg 6.0896 | lr 2.98e-04 gnorm 0.58 | tau 82.1 | 19525 tok/s | ETA 140.7h (5.9d)
  epoch 1 opt_step    3350 | loss 5.3087 avg 6.0779 | lr 2.97e-04 gnorm 0.55 | tau 81.6 | 19520 tok/s | ETA 140.7h (5.9d)
  epoch 1 opt_step    3400 | loss 5.2970 avg 6.0664 | lr 2.97e-04 gnorm 0.66 | tau 81.2 | 19527 tok/s | ETA 140.7h (5.9d)
  epoch 1 opt_step    3450 | loss 5.2930 avg 6.0552 | lr 2.97e-04 gnorm 0.55 | tau 80.8 | 19532 tok/s | ETA 140.6h (5.9d)
  epoch 1 opt_step    3500 | loss 5.2790 avg 6.0441 | lr 2.97e-04 gnorm 0.56 | tau 80.4 | 19520 tok/s | ETA 140.7h (5.9d)
  epoch 1 opt_step    3550 | loss 5.2777 avg 6.0333 | lr 2.97e-04 gnorm 0.80 | tau 80.1 | 19510 tok/s | ETA 140.7h (5.9d)
  epoch 1 opt_step    3600 | loss 5.2512 avg 6.0225 | lr 2.96e-04 gnorm 0.60 | tau 79.6 | 19507 tok/s | ETA 140.7h (5.9d)
  epoch 1 opt_step    3650 | loss 5.2674 avg 6.0121 | lr 2.96e-04 gnorm 0.59 | tau 79.2 | 19499 tok/s | ETA 140.8h (5.9d)
  epoch 1 opt_step    3700 | loss 5.2556 avg 6.0019 | lr 2.96e-04 gnorm 0.68 | tau 78.9 | 19513 tok/s | ETA 140.6h (5.9d)
  epoch 1 opt_step    3750 | loss 5.2394 avg 5.9917 | lr 2.96e-04 gnorm 0.82 | tau 78.6 | 19516 tok/s | ETA 140.6h (5.9d)
  epoch 1 opt_step    3800 | loss 5.2258 avg 5.9816 | lr 2.95e-04 gnorm 0.79 | tau 78.3 | 19523 tok/s | ETA 140.5h (5.9d)
  epoch 1 opt_step    3850 | loss 5.2262 avg 5.9718 | lr 2.95e-04 gnorm 0.86 | tau 77.9 | 19516 tok/s | ETA 140.5h (5.9d)
  epoch 1 opt_step    3900 | loss 5.2154 avg 5.9621 | lr 2.95e-04 gnorm 0.61 | tau 77.6 | 19513 tok/s | ETA 140.5h (5.9d)
  epoch 1 opt_step    3950 | loss 5.2108 avg 5.9526 | lr 2.95e-04 gnorm 0.62 | tau 77.2 | 19514 tok/s | ETA 140.5h (5.9d)
  epoch 1 opt_step    4000 | loss 5.2060 avg 5.9433 | lr 2.94e-04 gnorm 0.68 | tau 76.9 | 19516 tok/s | ETA 140.5h (5.9d)
  >>> val loss 5.1403 ppl 170.8
  Saved checkpoints\hertz12\best.pt
  Saved checkpoints\hertz12\step_4000.pt
  epoch 1 opt_step    4050 | loss 5.1942 avg 5.9340 | lr 2.94e-04 gnorm 0.64 | tau 76.6 | 15761 tok/s | ETA 173.9h (7.2d)
  epoch 1 opt_step    4100 | loss 5.1943 avg 5.9250 | lr 2.94e-04 gnorm 0.62 | tau 76.3 | 19529 tok/s | ETA 140.3h (5.8d)
  epoch 1 opt_step    4150 | loss 5.1852 avg 5.9161 | lr 2.93e-04 gnorm 0.71 | tau 76.0 | 19510 tok/s | ETA 140.4h (5.9d)
  epoch 1 opt_step    4200 | loss 5.1729 avg 5.9073 | lr 2.93e-04 gnorm 0.74 | tau 75.7 | 19512 tok/s | ETA 140.4h (5.9d)
  epoch 1 opt_step    4250 | loss 5.1719 avg 5.8986 | lr 2.93e-04 gnorm 0.58 | tau 75.4 | 19505 tok/s | ETA 140.4h (5.9d)
  epoch 1 opt_step    4300 | loss 5.1632 avg 5.8901 | lr 2.92e-04 gnorm 0.88 | tau 75.1 | 19530 tok/s | ETA 140.2h (5.8d)
  epoch 1 opt_step    4350 | loss 5.1520 avg 5.8816 | lr 2.92e-04 gnorm 0.58 | tau 74.8 | 19530 tok/s | ETA 140.2h (5.8d)
  epoch 1 opt_step    4400 | loss 5.1412 avg 5.8732 | lr 2.92e-04 gnorm 0.81 | tau 74.5 | 19537 tok/s | ETA 140.1h (5.8d)
  epoch 1 opt_step    4450 | loss 5.1483 avg 5.8650 | lr 2.91e-04 gnorm 0.90 | tau 74.2 | 19538 tok/s | ETA 140.1h (5.8d)
  epoch 1 opt_step    4500 | loss 5.1252 avg 5.8568 | lr 2.91e-04 gnorm 0.85 | tau 73.9 | 19538 tok/s | ETA 140.1h (5.8d)
  epoch 1 opt_step    4550 | loss 5.1305 avg 5.8488 | lr 2.91e-04 gnorm 0.66 | tau 73.7 | 19541 tok/s | ETA 140.0h (5.8d)
  epoch 1 opt_step    4600 | loss 5.1159 avg 5.8409 | lr 2.90e-04 gnorm 0.60 | tau 73.4 | 19537 tok/s | ETA 140.0h (5.8d)
  epoch 1 opt_step    4650 | loss 5.1001 avg 5.8329 | lr 2.90e-04 gnorm 0.76 | tau 73.1 | 19534 tok/s | ETA 140.0h (5.8d)
  epoch 1 opt_step    4700 | loss 5.1056 avg 5.8251 | lr 2.90e-04 gnorm 0.65 | tau 72.9 | 19532 tok/s | ETA 140.0h (5.8d)
  epoch 1 opt_step    4750 | loss 5.1082 avg 5.8176 | lr 2.89e-04 gnorm 0.62 | tau 72.6 | 19530 tok/s | ETA 140.0h (5.8d)
  epoch 1 opt_step    4800 | loss 5.0901 avg 5.8100 | lr 2.89e-04 gnorm 0.60 | tau 72.3 | 19532 tok/s | ETA 140.0h (5.8d)
  epoch 1 opt_step    4850 | loss 5.0969 avg 5.8027 | lr 2.88e-04 gnorm 0.54 | tau 72.0 | 19370 tok/s | ETA 141.1h (5.9d)
  epoch 1 opt_step    4900 | loss 5.0952 avg 5.7955 | lr 2.88e-04 gnorm 0.59 | tau 71.7 | 19053 tok/s | ETA 143.5h (6.0d)
  epoch 1 opt_step    4950 | loss 5.0854 avg 5.7883 | lr 2.88e-04 gnorm 0.70 | tau 71.3 | 19546 tok/s | ETA 139.8h (5.8d)
  epoch 1 opt_step    5000 | loss 5.0732 avg 5.7811 | lr 2.87e-04 gnorm 0.67 | tau 71.0 | 19398 tok/s | ETA 140.9h (5.9d)
  Saved bf16 milestone milestone_5000_bf16.pt (1.3 GB)
  epoch 1 opt_step    5050 | loss 5.0670 avg 5.7741 | lr 2.87e-04 gnorm 0.56 | tau 70.8 | 19235 tok/s | ETA 142.0h (5.9d)
  epoch 1 opt_step    5100 | loss 5.0684 avg 5.7671 | lr 2.86e-04 gnorm 0.98 | tau 70.5 | 19543 tok/s | ETA 139.8h (5.8d)
  epoch 1 opt_step    5150 | loss 5.0637 avg 5.7603 | lr 2.86e-04 gnorm 0.81 | tau 70.2 | 19545 tok/s | ETA 139.7h (5.8d)
  epoch 1 opt_step    5200 | loss 5.0531 avg 5.7535 | lr 2.85e-04 gnorm 0.61 | tau 69.9 | 19541 tok/s | ETA 139.7h (5.8d)
  epoch 1 opt_step    5250 | loss 5.0515 avg 5.7468 | lr 2.85e-04 gnorm 0.54 | tau 69.6 | 19542 tok/s | ETA 139.7h (5.8d)
  epoch 1 opt_step    5300 | loss 5.0346 avg 5.7401 | lr 2.85e-04 gnorm 0.63 | tau 69.3 | 19542 tok/s | ETA 139.7h (5.8d)
  epoch 1 opt_step    5350 | loss 5.0326 avg 5.7335 | lr 2.84e-04 gnorm 0.70 | tau 69.0 | 19542 tok/s | ETA 139.7h (5.8d)
  epoch 1 opt_step    5400 | loss 5.0352 avg 5.7270 | lr 2.84e-04 gnorm 0.69 | tau 68.7 | 19542 tok/s | ETA 139.6h (5.8d)
  epoch 1 opt_step    5450 | loss 5.0260 avg 5.7206 | lr 2.83e-04 gnorm 0.66 | tau 68.5 | 19544 tok/s | ETA 139.6h (5.8d)
  epoch 1 opt_step    5500 | loss 5.0123 avg 5.7142 | lr 2.83e-04 gnorm 0.68 | tau 68.2 | 19540 tok/s | ETA 139.6h (5.8d)
  epoch 1 opt_step    5550 | loss 5.0150 avg 5.7079 | lr 2.82e-04 gnorm 0.54 | tau 67.8 | 19544 tok/s | ETA 139.5h (5.8d)
  epoch 1 opt_step    5600 | loss 5.0150 avg 5.7017 | lr 2.82e-04 gnorm 0.88 | tau 67.5 | 19541 tok/s | ETA 139.5h (5.8d)
  epoch 1 opt_step    5650 | loss 5.0132 avg 5.6956 | lr 2.81e-04 gnorm 0.59 | tau 67.2 | 19542 tok/s | ETA 139.5h (5.8d)
  epoch 1 opt_step    5700 | loss 4.9970 avg 5.6895 | lr 2.81e-04 gnorm 0.62 | tau 67.0 | 19531 tok/s | ETA 139.6h (5.8d)
  epoch 1 opt_step    5750 | loss 4.9945 avg 5.6834 | lr 2.80e-04 gnorm 0.62 | tau 66.7 | 19507 tok/s | ETA 139.7h (5.8d)
  epoch 1 opt_step    5800 | loss 4.9971 avg 5.6775 | lr 2.80e-04 gnorm 0.57 | tau 66.4 | 19519 tok/s | ETA 139.6h (5.8d)
  epoch 1 opt_step    5850 | loss 4.9782 avg 5.6715 | lr 2.79e-04 gnorm 0.72 | tau 66.1 | 19523 tok/s | ETA 139.6h (5.8d)
  epoch 1 opt_step    5900 | loss 4.9749 avg 5.6656 | lr 2.79e-04 gnorm 0.64 | tau 65.8 | 19528 tok/s | ETA 139.5h (5.8d)
  epoch 1 opt_step    5950 | loss 4.9738 avg 5.6598 | lr 2.78e-04 gnorm 0.67 | tau 65.5 | 19533 tok/s | ETA 139.4h (5.8d)
  epoch 1 opt_step    6000 | loss 4.9733 avg 5.6541 | lr 2.77e-04 gnorm 0.61 | tau 65.3 | 19531 tok/s | ETA 139.4h (5.8d)
  >>> val loss 4.9393 ppl 139.7
  Saved checkpoints\hertz12\best.pt
  Saved checkpoints\hertz12\step_6000.pt
  epoch 1 opt_step    6050 | loss 4.9691 avg 5.6484 | lr 2.77e-04 gnorm 0.65 | tau 65.0 | 15728 tok/s | ETA 173.1h (7.2d)
  epoch 1 opt_step    6100 | loss 4.9644 avg 5.6428 | lr 2.76e-04 gnorm 0.59 | tau 64.7 | 19535 tok/s | ETA 139.3h (5.8d)
  epoch 1 opt_step    6150 | loss 4.9635 avg 5.6373 | lr 2.76e-04 gnorm 0.67 | tau 64.4 | 19527 tok/s | ETA 139.4h (5.8d)
  epoch 1 opt_step    6200 | loss 4.9609 avg 5.6318 | lr 2.75e-04 gnorm 0.72 | tau 64.1 | 19519 tok/s | ETA 139.4h (5.8d)
  epoch 1 opt_step    6250 | loss 4.9654 avg 5.6265 | lr 2.75e-04 gnorm 0.68 | tau 63.8 | 19523 tok/s | ETA 139.4h (5.8d)
  epoch 1 opt_step    6300 | loss 4.9544 avg 5.6212 | lr 2.74e-04 gnorm 0.56 | tau 63.6 | 19534 tok/s | ETA 139.3h (5.8d)
  epoch 1 opt_step    6350 | loss 4.9570 avg 5.6159 | lr 2.73e-04 gnorm 0.52 | tau 63.3 | 19538 tok/s | ETA 139.2h (5.8d)
  epoch 1 opt_step    6400 | loss 4.9350 avg 5.6106 | lr 2.73e-04 gnorm 0.51 | tau 62.9 | 19542 tok/s | ETA 139.2h (5.8d)
  epoch 1 opt_step    6450 | loss 4.9272 avg 5.6053 | lr 2.72e-04 gnorm 0.67 | tau 62.6 | 19545 tok/s | ETA 139.1h (5.8d)
  epoch 1 opt_step    6500 | loss 4.9347 avg 5.6002 | lr 2.72e-04 gnorm 0.59 | tau 62.4 | 19544 tok/s | ETA 139.1h (5.8d)
  epoch 1 opt_step    6550 | loss 4.9352 avg 5.5951 | lr 2.71e-04 gnorm 0.67 | tau 62.1 | 19544 tok/s | ETA 139.1h (5.8d)
  epoch 1 opt_step    6600 | loss 4.9266 avg 5.5900 | lr 2.70e-04 gnorm 0.61 | tau 61.9 | 19545 tok/s | ETA 139.0h (5.8d)
  epoch 1 opt_step    6650 | loss 4.9213 avg 5.5850 | lr 2.70e-04 gnorm 0.72 | tau 61.6 | 19548 tok/s | ETA 139.0h (5.8d)
  epoch 1 opt_step    6700 | loss 4.9202 avg 5.5800 | lr 2.69e-04 gnorm 0.66 | tau 61.3 | 19546 tok/s | ETA 139.0h (5.8d)
  epoch 1 opt_step    6750 | loss 4.9069 avg 5.5750 | lr 2.69e-04 gnorm 0.73 | tau 61.0 | 19540 tok/s | ETA 139.0h (5.8d)
  epoch 1 opt_step    6800 | loss 4.9197 avg 5.5702 | lr 2.68e-04 gnorm 0.65 | tau 60.8 | 19543 tok/s | ETA 139.0h (5.8d)
  epoch 1 opt_step    6850 | loss 4.9074 avg 5.5654 | lr 2.67e-04 gnorm 0.65 | tau 60.5 | 19546 tok/s | ETA 138.9h (5.8d)
  epoch 1 opt_step    6900 | loss 4.8986 avg 5.5606 | lr 2.67e-04 gnorm 0.56 | tau 60.2 | 19547 tok/s | ETA 138.9h (5.8d)
  epoch 1 opt_step    6950 | loss 4.9086 avg 5.5559 | lr 2.66e-04 gnorm 0.74 | tau 59.9 | 19529 tok/s | ETA 139.0h (5.8d)
  epoch 1 opt_step    7000 | loss 4.8891 avg 5.5511 | lr 2.65e-04 gnorm 0.62 | tau 59.6 | 19548 tok/s | ETA 138.8h (5.8d)
  epoch 1 opt_step    7050 | loss 4.8860 avg 5.5464 | lr 2.65e-04 gnorm 0.76 | tau 59.4 | 19551 tok/s | ETA 138.8h (5.8d)
  epoch 1 opt_step    7100 | loss 4.8821 avg 5.5417 | lr 2.64e-04 gnorm 0.64 | tau 59.1 | 19544 tok/s | ETA 138.8h (5.8d)
  epoch 1 opt_step    7150 | loss 4.8821 avg 5.5371 | lr 2.63e-04 gnorm 0.63 | tau 58.9 | 19546 tok/s | ETA 138.8h (5.8d)
  epoch 1 opt_step    7200 | loss 4.8772 avg 5.5325 | lr 2.63e-04 gnorm 0.70 | tau 58.6 | 19552 tok/s | ETA 138.7h (5.8d)
  epoch 1 opt_step    7250 | loss 4.8669 avg 5.5279 | lr 2.62e-04 gnorm 0.75 | tau 58.4 | 19553 tok/s | ETA 138.7h (5.8d)
  epoch 1 opt_step    7300 | loss 4.8705 avg 5.5234 | lr 2.61e-04 gnorm 0.78 | tau 58.1 | 19548 tok/s | ETA 138.7h (5.8d)
  epoch 1 opt_step    7350 | loss 4.8647 avg 5.5189 | lr 2.60e-04 gnorm 0.67 | tau 57.8 | 19547 tok/s | ETA 138.7h (5.8d)
  epoch 1 opt_step    7400 | loss 4.8636 avg 5.5145 | lr 2.60e-04 gnorm 0.78 | tau 57.6 | 18779 tok/s | ETA 144.3h (6.0d)
  epoch 1 opt_step    7450 | loss 4.8615 avg 5.5101 | lr 2.59e-04 gnorm 0.63 | tau 57.4 | 19553 tok/s | ETA 138.6h (5.8d)
  epoch 1 opt_step    7500 | loss 4.8651 avg 5.5058 | lr 2.58e-04 gnorm 0.89 | tau 57.1 | 19548 tok/s | ETA 138.6h (5.8d)
  epoch 1 opt_step    7550 | loss 4.8492 avg 5.5015 | lr 2.58e-04 gnorm 0.70 | tau 56.9 | 19545 tok/s | ETA 138.6h (5.8d)
  epoch 1 opt_step    7600 | loss 4.8546 avg 5.4972 | lr 2.57e-04 gnorm 0.67 | tau 56.6 | 19544 tok/s | ETA 138.6h (5.8d)
  epoch 1 opt_step    7650 | loss 4.8563 avg 5.4930 | lr 2.56e-04 gnorm 0.69 | tau 56.4 | 19548 tok/s | ETA 138.5h (5.8d)
  epoch 1 opt_step    7700 | loss 4.8420 avg 5.4888 | lr 2.55e-04 gnorm 0.69 | tau 56.1 | 19370 tok/s | ETA 139.8h (5.8d)
  epoch 1 opt_step    7750 | loss 4.8323 avg 5.4846 | lr 2.55e-04 gnorm 0.69 | tau 55.9 | 19543 tok/s | ETA 138.5h (5.8d)
  epoch 1 opt_step    7800 | loss 4.8376 avg 5.4804 | lr 2.54e-04 gnorm 0.83 | tau 55.7 | 19541 tok/s | ETA 138.5h (5.8d)
  epoch 1 opt_step    7850 | loss 4.8371 avg 5.4763 | lr 2.53e-04 gnorm 0.60 | tau 55.4 | 19540 tok/s | ETA 138.5h (5.8d)
  epoch 1 opt_step    7900 | loss 4.8274 avg 5.4722 | lr 2.52e-04 gnorm 0.64 | tau 55.2 | 19539 tok/s | ETA 138.5h (5.8d)
  epoch 1 opt_step    7950 | loss 4.8296 avg 5.4682 | lr 2.52e-04 gnorm 0.73 | tau 54.9 | 19536 tok/s | ETA 138.5h (5.8d)
  epoch 1 opt_step    8000 | loss 4.8246 avg 5.4642 | lr 2.51e-04 gnorm 0.70 | tau 54.7 | 19537 tok/s | ETA 138.5h (5.8d)
  >>> val loss 4.8105 ppl 122.8
  Saved checkpoints\hertz12\best.pt
  Saved checkpoints\hertz12\step_8000.pt
  Rotated step_2000.pt (7690 MB)
  epoch 1 opt_step    8050 | loss 4.8253 avg 5.4602 | lr 2.50e-04 gnorm 1.14 | tau 54.5 | 15630 tok/s | ETA 173.0h (7.2d)
  epoch 1 opt_step    8100 | loss 4.8209 avg 5.4562 | lr 2.49e-04 gnorm 0.72 | tau 54.3 | 19540 tok/s | ETA 138.4h (5.8d)
  epoch 1 opt_step    8150 | loss 4.8097 avg 5.4523 | lr 2.49e-04 gnorm 0.85 | tau 54.1 | 19528 tok/s | ETA 138.4h (5.8d)
  epoch 1 opt_step    8200 | loss 4.8087 avg 5.4483 | lr 2.48e-04 gnorm 0.64 | tau 53.9 | 19526 tok/s | ETA 138.4h (5.8d)
  epoch 1 opt_step    8250 | loss 4.8173 avg 5.4445 | lr 2.47e-04 gnorm 0.81 | tau 53.7 | 19531 tok/s | ETA 138.4h (5.8d)
  epoch 1 opt_step    8300 | loss 4.8081 avg 5.4407 | lr 2.46e-04 gnorm 0.87 | tau 53.4 | 19538 tok/s | ETA 138.3h (5.8d)
  epoch 1 opt_step    8350 | loss 4.8037 avg 5.4369 | lr 2.45e-04 gnorm 0.93 | tau 53.2 | 19529 tok/s | ETA 138.3h (5.8d)
  epoch 1 opt_step    8400 | loss 4.8024 avg 5.4331 | lr 2.45e-04 gnorm 0.79 | tau 53.0 | 19539 tok/s | ETA 138.2h (5.8d)
  epoch 1 opt_step    8450 | loss 4.8009 avg 5.4294 | lr 2.44e-04 gnorm 0.92 | tau 52.8 | 19538 tok/s | ETA 138.2h (5.8d)
  epoch 1 opt_step    8500 | loss 4.7934 avg 5.4256 | lr 2.43e-04 gnorm 0.68 | tau 52.5 | 19538 tok/s | ETA 138.2h (5.8d)
  epoch 1 opt_step    8550 | loss 4.7842 avg 5.4219 | lr 2.42e-04 gnorm 0.68 | tau 52.3 | 19538 tok/s | ETA 138.2h (5.8d)
  epoch 1 opt_step    8600 | loss 4.7947 avg 5.4182 | lr 2.41e-04 gnorm 0.78 | tau 52.1 | 19532 tok/s | ETA 138.2h (5.8d)
  epoch 1 opt_step    8650 | loss 4.7875 avg 5.4146 | lr 2.40e-04 gnorm 0.63 | tau 51.9 | 19533 tok/s | ETA 138.2h (5.8d)
  epoch 1 opt_step    8700 | loss 4.7956 avg 5.4110 | lr 2.40e-04 gnorm 0.81 | tau 51.7 | 19536 tok/s | ETA 138.1h (5.8d)
  epoch 1 opt_step    8750 | loss 4.7821 avg 5.4074 | lr 2.39e-04 gnorm 0.71 | tau 51.5 | 19536 tok/s | ETA 138.1h (5.8d)
  epoch 1 opt_step    8800 | loss 4.7862 avg 5.4039 | lr 2.38e-04 gnorm 0.65 | tau 51.3 | 19534 tok/s | ETA 138.1h (5.8d)
  epoch 1 opt_step    8850 | loss 4.7774 avg 5.4004 | lr 2.37e-04 gnorm 0.72 | tau 51.1 | 19532 tok/s | ETA 138.1h (5.8d)
  epoch 1 opt_step    8900 | loss 4.7662 avg 5.3968 | lr 2.36e-04 gnorm 0.79 | tau 50.9 | 19535 tok/s | ETA 138.1h (5.8d)
  epoch 1 opt_step    8950 | loss 4.7664 avg 5.3933 | lr 2.35e-04 gnorm 0.70 | tau 50.8 | 18540 tok/s | ETA 145.4h (6.1d)
  epoch 1 opt_step    9000 | loss 4.7613 avg 5.3898 | lr 2.35e-04 gnorm 0.67 | tau 50.6 | 19390 tok/s | ETA 139.0h (5.8d)
  epoch 1 opt_step    9050 | loss 4.7737 avg 5.3864 | lr 2.34e-04 gnorm 0.81 | tau 50.4 | 19533 tok/s | ETA 138.0h (5.7d)
  epoch 1 opt_step    9100 | loss 4.7693 avg 5.3830 | lr 2.33e-04 gnorm 0.63 | tau 50.2 | 19539 tok/s | ETA 137.9h (5.7d)
  epoch 1 opt_step    9150 | loss 4.7556 avg 5.3795 | lr 2.32e-04 gnorm 0.57 | tau 50.0 | 19540 tok/s | ETA 137.9h (5.7d)
  epoch 1 opt_step    9200 | loss 4.7566 avg 5.3762 | lr 2.31e-04 gnorm 0.60 | tau 49.9 | 19546 tok/s | ETA 137.8h (5.7d)
  epoch 1 opt_step    9250 | loss 4.7550 avg 5.3728 | lr 2.30e-04 gnorm 0.72 | tau 49.6 | 19541 tok/s | ETA 137.8h (5.7d)
  epoch 1 opt_step    9300 | loss 4.7515 avg 5.3695 | lr 2.29e-04 gnorm 0.59 | tau 49.4 | 19540 tok/s | ETA 137.8h (5.7d)
  epoch 1 opt_step    9350 | loss 4.7421 avg 5.3661 | lr 2.28e-04 gnorm 0.68 | tau 49.3 | 19544 tok/s | ETA 137.8h (5.7d)
  epoch 1 opt_step    9400 | loss 4.7449 avg 5.3628 | lr 2.28e-04 gnorm 0.69 | tau 49.1 | 19545 tok/s | ETA 137.7h (5.7d)
  epoch 1 opt_step    9450 | loss 4.7430 avg 5.3595 | lr 2.27e-04 gnorm 0.80 | tau 48.9 | 19540 tok/s | ETA 137.8h (5.7d)
  epoch 1 opt_step    9500 | loss 4.7460 avg 5.3563 | lr 2.26e-04 gnorm 1.02 | tau 48.8 | 19537 tok/s | ETA 137.8h (5.7d)
  epoch 1 opt_step    9550 | loss 4.7307 avg 5.3530 | lr 2.25e-04 gnorm 0.72 | tau 48.6 | 19541 tok/s | ETA 137.7h (5.7d)
  epoch 1 opt_step    9600 | loss 4.7339 avg 5.3498 | lr 2.24e-04 gnorm 0.90 | tau 48.4 | 19540 tok/s | ETA 137.7h (5.7d)
  epoch 1 opt_step    9650 | loss 4.7420 avg 5.3466 | lr 2.23e-04 gnorm 0.96 | tau 48.2 | 19537 tok/s | ETA 137.7h (5.7d)
  epoch 1 opt_step    9700 | loss 4.7262 avg 5.3434 | lr 2.22e-04 gnorm 0.73 | tau 48.0 | 19539 tok/s | ETA 137.6h (5.7d)
  epoch 1 opt_step    9750 | loss 4.7261 avg 5.3403 | lr 2.21e-04 gnorm 0.79 | tau 47.8 | 19540 tok/s | ETA 137.6h (5.7d)
  epoch 1 opt_step    9800 | loss 4.7310 avg 5.3372 | lr 2.20e-04 gnorm 0.88 | tau 47.7 | 19543 tok/s | ETA 137.6h (5.7d)
  epoch 1 opt_step    9850 | loss 4.7293 avg 5.3341 | lr 2.19e-04 gnorm 0.75 | tau 47.5 | 19543 tok/s | ETA 137.5h (5.7d)
  epoch 1 opt_step    9900 | loss 4.7120 avg 5.3309 | lr 2.18e-04 gnorm 0.79 | tau 47.3 | 19536 tok/s | ETA 137.6h (5.7d)
  epoch 1 opt_step    9950 | loss 4.7147 avg 5.3278 | lr 2.18e-04 gnorm 0.62 | tau 47.2 | 19543 tok/s | ETA 137.5h (5.7d)
  epoch 1 opt_step   10000 | loss 4.7111 avg 5.3248 | lr 2.17e-04 gnorm 0.76 | tau 47.0 | 19543 tok/s | ETA 137.5h (5.7d)
  >>> val loss 4.6956 ppl 109.5
  Saved checkpoints\hertz12\best.pt
  Saved checkpoints\hertz12\step_10000.pt
  Rotated step_4000.pt (7690 MB)
  Saved bf16 milestone milestone_10000_bf16.pt (1.3 GB)
  epoch 1 opt_step   10050 | loss 4.7193 avg 5.3217 | lr 2.16e-04 gnorm 0.85 | tau 46.9 | 15489 tok/s | ETA 173.4h (7.2d)
  epoch 1 opt_step   10100 | loss 4.7254 avg 5.3188 | lr 2.15e-04 gnorm 0.75 | tau 46.7 | 19535 tok/s | ETA 137.5h (5.7d)
  epoch 1 opt_step   10150 | loss 4.7015 avg 5.3158 | lr 2.14e-04 gnorm 0.71 | tau 46.5 | 19528 tok/s | ETA 137.5h (5.7d)
  epoch 1 opt_step   10200 | loss 4.7131 avg 5.3128 | lr 2.13e-04 gnorm 0.87 | tau 46.4 | 19531 tok/s | ETA 137.5h (5.7d)
  epoch 1 opt_step   10250 | loss 4.7048 avg 5.3098 | lr 2.12e-04 gnorm 0.75 | tau 46.2 | 19545 tok/s | ETA 137.4h (5.7d)
  epoch 1 opt_step   10300 | loss 4.6872 avg 5.3068 | lr 2.11e-04 gnorm 0.68 | tau 46.1 | 19545 tok/s | ETA 137.3h (5.7d)
  epoch 1 opt_step   10350 | loss 4.6856 avg 5.3038 | lr 2.10e-04 gnorm 0.72 | tau 46.0 | 19545 tok/s | ETA 137.3h (5.7d)
  epoch 1 opt_step   10400 | loss 4.6960 avg 5.3009 | lr 2.09e-04 gnorm 0.67 | tau 45.8 | 19546 tok/s | ETA 137.3h (5.7d)
  epoch 1 opt_step   10450 | loss 4.6999 avg 5.2980 | lr 2.08e-04 gnorm 0.70 | tau 45.6 | 18826 tok/s | ETA 142.5h (5.9d)
  epoch 1 opt_step   10500 | loss 4.7048 avg 5.2952 | lr 2.07e-04 gnorm 0.76 | tau 45.5 | 19500 tok/s | ETA 137.5h (5.7d)
  epoch 1 opt_step   10550 | loss 4.6894 avg 5.2923 | lr 2.06e-04 gnorm 0.76 | tau 45.3 | 19552 tok/s | ETA 137.2h (5.7d)
  epoch 1 opt_step   10600 | loss 4.6810 avg 5.2894 | lr 2.05e-04 gnorm 0.67 | tau 45.2 | 19552 tok/s | ETA 137.1h (5.7d)
  epoch 1 opt_step   10650 | loss 4.6907 avg 5.2866 | lr 2.04e-04 gnorm 1.05 | tau 45.1 | 19551 tok/s | ETA 137.1h (5.7d)
  epoch 1 opt_step   10700 | loss 4.6803 avg 5.2838 | lr 2.03e-04 gnorm 0.71 | tau 44.9 | 19554 tok/s | ETA 137.1h (5.7d)
  epoch 1 opt_step   10750 | loss 4.6728 avg 5.2809 | lr 2.02e-04 gnorm 0.78 | tau 44.8 | 19551 tok/s | ETA 137.1h (5.7d)
  epoch 1 opt_step   10800 | loss 4.6702 avg 5.2781 | lr 2.01e-04 gnorm 0.82 | tau 44.7 | 19556 tok/s | ETA 137.0h (5.7d)
  epoch 1 opt_step   10850 | loss 4.6661 avg 5.2753 | lr 2.00e-04 gnorm 1.01 | tau 44.5 | 19561 tok/s | ETA 137.0h (5.7d)
  epoch 1 opt_step   10900 | loss 4.6672 avg 5.2725 | lr 1.99e-04 gnorm 0.75 | tau 44.4 | 19557 tok/s | ETA 137.0h (5.7d)
  epoch 1 opt_step   10950 | loss 4.6742 avg 5.2698 | lr 1.98e-04 gnorm 0.85 | tau 44.3 | 19554 tok/s | ETA 137.0h (5.7d)
  epoch 1 opt_step   11000 | loss 4.6637 avg 5.2670 | lr 1.97e-04 gnorm 1.06 | tau 44.1 | 19551 tok/s | ETA 137.0h (5.7d)
  epoch 1 opt_step   11050 | loss 4.6632 avg 5.2643 | lr 1.96e-04 gnorm 0.69 | tau 44.0 | 19556 tok/s | ETA 136.9h (5.7d)
  epoch 1 opt_step   11100 | loss 4.6626 avg 5.2616 | lr 1.95e-04 gnorm 0.87 | tau 43.8 | 19547 tok/s | ETA 136.9h (5.7d)
  epoch 1 opt_step   11150 | loss 4.6612 avg 5.2589 | lr 1.94e-04 gnorm 0.74 | tau 43.7 | 19545 tok/s | ETA 136.9h (5.7d)
  epoch 1 opt_step   11200 | loss 4.6559 avg 5.2562 | lr 1.93e-04 gnorm 0.68 | tau 43.5 | 19545 tok/s | ETA 136.9h (5.7d)
  epoch 1 opt_step   11250 | loss 4.6469 avg 5.2535 | lr 1.92e-04 gnorm 0.73 | tau 43.4 | 19543 tok/s | ETA 136.9h (5.7d)
  epoch 1 opt_step   11300 | loss 4.6524 avg 5.2508 | lr 1.91e-04 gnorm 1.05 | tau 43.2 | 19543 tok/s | ETA 136.9h (5.7d)
  epoch 1 opt_step   11350 | loss 4.6423 avg 5.2481 | lr 1.90e-04 gnorm 0.79 | tau 43.1 | 19543 tok/s | ETA 136.8h (5.7d)
  epoch 1 opt_step   11400 | loss 4.6492 avg 5.2455 | lr 1.89e-04 gnorm 0.87 | tau 42.9 | 19536 tok/s | ETA 136.9h (5.7d)
  epoch 1 opt_step   11450 | loss 4.6453 avg 5.2429 | lr 1.88e-04 gnorm 0.80 | tau 42.8 | 19545 tok/s | ETA 136.8h (5.7d)
  epoch 1 opt_step   11500 | loss 4.6351 avg 5.2403 | lr 1.87e-04 gnorm 0.88 | tau 42.7 | 19542 tok/s | ETA 136.8h (5.7d)
  epoch 1 opt_step   11550 | loss 4.6460 avg 5.2377 | lr 1.86e-04 gnorm 0.89 | tau 42.5 | 19539 tok/s | ETA 136.8h (5.7d)
  epoch 1 opt_step   11600 | loss 4.6360 avg 5.2351 | lr 1.85e-04 gnorm 0.75 | tau 42.4 | 19532 tok/s | ETA 136.8h (5.7d)
  epoch 1 opt_step   11650 | loss 4.6367 avg 5.2325 | lr 1.84e-04 gnorm 0.76 | tau 42.3 | 19523 tok/s | ETA 136.9h (5.7d)
  epoch 1 opt_step   11700 | loss 4.6381 avg 5.2300 | lr 1.83e-04 gnorm 0.84 | tau 42.2 | 19530 tok/s | ETA 136.8h (5.7d)
  epoch 1 opt_step   11750 | loss 4.6278 avg 5.2274 | lr 1.82e-04 gnorm 1.11 | tau 42.1 | 19533 tok/s | ETA 136.7h (5.7d)
  epoch 1 opt_step   11800 | loss 4.6276 avg 5.2249 | lr 1.81e-04 gnorm 0.90 | tau 42.0 | 19522 tok/s | ETA 136.8h (5.7d)
  epoch 1 opt_step   11850 | loss 4.6308 avg 5.2224 | lr 1.80e-04 gnorm 0.83 | tau 41.9 | 19530 tok/s | ETA 136.7h (5.7d)
  epoch 1 opt_step   11900 | loss 4.6330 avg 5.2199 | lr 1.79e-04 gnorm 0.65 | tau 41.7 | 19518 tok/s | ETA 136.8h (5.7d)
  epoch 1 opt_step   11950 | loss 4.6252 avg 5.2174 | lr 1.78e-04 gnorm 1.00 | tau 41.6 | 19528 tok/s | ETA 136.7h (5.7d)
  epoch 1 opt_step   12000 | loss 4.6140 avg 5.2149 | lr 1.77e-04 gnorm 0.80 | tau 41.5 | 19523 tok/s | ETA 136.7h (5.7d)
  >>> val loss 4.6110 ppl 100.6
  Saved checkpoints\hertz12\best.pt
  Saved checkpoints\hertz12\step_12000.pt
  Rotated step_6000.pt (7690 MB)
  epoch 1 opt_step   12050 | loss 4.6135 avg 5.2124 | lr 1.76e-04 gnorm 0.69 | tau 41.4 | 15710 tok/s | ETA 169.8h (7.1d)
  epoch 1 opt_step   12100 | loss 4.6262 avg 5.2100 | lr 1.75e-04 gnorm 0.88 | tau 41.3 | 19512 tok/s | ETA 136.7h (5.7d)
  epoch 1 opt_step   12150 | loss 4.6076 avg 5.2075 | lr 1.74e-04 gnorm 0.90 | tau 41.2 | 19486 tok/s | ETA 136.9h (5.7d)
  epoch 1 opt_step   12200 | loss 4.6129 avg 5.2051 | lr 1.73e-04 gnorm 0.79 | tau 41.0 | 19496 tok/s | ETA 136.8h (5.7d)
  epoch 1 opt_step   12250 | loss 4.6103 avg 5.2026 | lr 1.72e-04 gnorm 1.02 | tau 40.9 | 19500 tok/s | ETA 136.7h (5.7d)
  epoch 1 opt_step   12300 | loss 4.6045 avg 5.2002 | lr 1.71e-04 gnorm 0.78 | tau 40.8 | 19484 tok/s | ETA 136.8h (5.7d)
  epoch 1 opt_step   12350 | loss 4.5973 avg 5.1978 | lr 1.70e-04 gnorm 0.75 | tau 40.7 | 19504 tok/s | ETA 136.7h (5.7d)
  epoch 1 opt_step   12400 | loss 4.6092 avg 5.1954 | lr 1.69e-04 gnorm 0.92 | tau 40.6 | 19509 tok/s | ETA 136.6h (5.7d)
  epoch 1 opt_step   12450 | loss 4.5988 avg 5.1930 | lr 1.68e-04 gnorm 0.79 | tau 40.5 | 19508 tok/s | ETA 136.6h (5.7d)
  epoch 1 opt_step   12500 | loss 4.5997 avg 5.1906 | lr 1.67e-04 gnorm 1.00 | tau 40.3 | 19506 tok/s | ETA 136.6h (5.7d)
  epoch 1 opt_step   12550 | loss 4.5972 avg 5.1883 | lr 1.66e-04 gnorm 1.02 | tau 40.2 | 19515 tok/s | ETA 136.5h (5.7d)
  epoch 1 opt_step   12600 | loss 4.5999 avg 5.1859 | lr 1.65e-04 gnorm 0.78 | tau 40.1 | 19508 tok/s | ETA 136.5h (5.7d)
  epoch 1 opt_step   12650 | loss 4.5854 avg 5.1835 | lr 1.64e-04 gnorm 0.75 | tau 40.1 | 19513 tok/s | ETA 136.5h (5.7d)
  epoch 1 opt_step   12700 | loss 4.5949 avg 5.1812 | lr 1.63e-04 gnorm 1.19 | tau 40.0 | 19512 tok/s | ETA 136.4h (5.7d)
  epoch 1 opt_step   12750 | loss 4.5900 avg 5.1789 | lr 1.62e-04 gnorm 1.21 | tau 39.9 | 19512 tok/s | ETA 136.4h (5.7d)
  epoch 1 opt_step   12800 | loss 4.5876 avg 5.1766 | lr 1.61e-04 gnorm 1.01 | tau 39.8 | 19507 tok/s | ETA 136.4h (5.7d)
  epoch 1 opt_step   12850 | loss 4.5793 avg 5.1743 | lr 1.60e-04 gnorm 0.88 | tau 39.7 | 19517 tok/s | ETA 136.3h (5.7d)
  epoch 1 opt_step   12900 | loss 4.5793 avg 5.1720 | lr 1.59e-04 gnorm 0.64 | tau 39.6 | 19510 tok/s | ETA 136.4h (5.7d)
  epoch 1 opt_step   12950 | loss 4.5743 avg 5.1697 | lr 1.58e-04 gnorm 0.82 | tau 39.4 | 19516 tok/s | ETA 136.3h (5.7d)
  epoch 1 opt_step   13000 | loss 4.5704 avg 5.1674 | lr 1.57e-04 gnorm 1.07 | tau 39.3 | 19511 tok/s | ETA 136.3h (5.7d)
  epoch 1 opt_step   13050 | loss 4.5790 avg 5.1651 | lr 1.56e-04 gnorm 0.92 | tau 39.2 | 19520 tok/s | ETA 136.2h (5.7d)
  epoch 1 opt_step   13100 | loss 4.5578 avg 5.1628 | lr 1.54e-04 gnorm 0.88 | tau 39.1 | 19510 tok/s | ETA 136.3h (5.7d)
  epoch 1 opt_step   13150 | loss 4.5705 avg 5.1605 | lr 1.53e-04 gnorm 0.68 | tau 39.0 | 19521 tok/s | ETA 136.2h (5.7d)
  epoch 1 opt_step   13200 | loss 4.5634 avg 5.1583 | lr 1.52e-04 gnorm 0.79 | tau 38.9 | 19520 tok/s | ETA 136.2h (5.7d)
  epoch 1 opt_step   13250 | loss 4.5806 avg 5.1561 | lr 1.51e-04 gnorm 0.74 | tau 38.8 | 19510 tok/s | ETA 136.2h (5.7d)
  epoch 1 opt_step   13300 | loss 4.5561 avg 5.1538 | lr 1.50e-04 gnorm 0.87 | tau 38.7 | 19518 tok/s | ETA 136.1h (5.7d)
  epoch 1 opt_step   13350 | loss 4.5591 avg 5.1516 | lr 1.49e-04 gnorm 0.69 | tau 38.6 | 19513 tok/s | ETA 136.1h (5.7d)
  epoch 1 opt_step   13400 | loss 4.5592 avg 5.1494 | lr 1.48e-04 gnorm 1.00 | tau 38.5 | 19517 tok/s | ETA 136.1h (5.7d)
  epoch 1 opt_step   13450 | loss 4.5497 avg 5.1472 | lr 1.47e-04 gnorm 0.78 | tau 38.3 | 19526 tok/s | ETA 136.0h (5.7d)
  epoch 1 opt_step   13500 | loss 4.5535 avg 5.1450 | lr 1.46e-04 gnorm 0.76 | tau 38.2 | 19515 tok/s | ETA 136.0h (5.7d)
  epoch 1 opt_step   13550 | loss 4.5497 avg 5.1428 | lr 1.45e-04 gnorm 0.73 | tau 38.1 | 19518 tok/s | ETA 136.0h (5.7d)
  epoch 1 opt_step   13600 | loss 4.5483 avg 5.1406 | lr 1.44e-04 gnorm 0.72 | tau 38.0 | 19516 tok/s | ETA 136.0h (5.7d)
  epoch 1 opt_step   13650 | loss 4.5430 avg 5.1384 | lr 1.43e-04 gnorm 0.90 | tau 37.9 | 19519 tok/s | ETA 135.9h (5.7d)
  epoch 1 opt_step   13700 | loss 4.5365 avg 5.1362 | lr 1.42e-04 gnorm 0.78 | tau 37.9 | 19517 tok/s | ETA 135.9h (5.7d)
  epoch 1 opt_step   13750 | loss 4.5502 avg 5.1341 | lr 1.41e-04 gnorm 0.71 | tau 37.8 | 19522 tok/s | ETA 135.9h (5.7d)
  epoch 1 opt_step   13800 | loss 4.5392 avg 5.1319 | lr 1.40e-04 gnorm 0.65 | tau 37.7 | 19531 tok/s | ETA 135.8h (5.7d)
  epoch 1 opt_step   13850 | loss 4.5256 avg 5.1297 | lr 1.39e-04 gnorm 0.74 | tau 37.6 | 19516 tok/s | ETA 135.9h (5.7d)
  epoch 1 opt_step   13900 | loss 4.5383 avg 5.1276 | lr 1.38e-04 gnorm 0.84 | tau 37.5 | 19529 tok/s | ETA 135.8h (5.7d)
  epoch 1 opt_step   13950 | loss 4.5337 avg 5.1255 | lr 1.37e-04 gnorm 0.83 | tau 37.4 | 19528 tok/s | ETA 135.7h (5.7d)
  epoch 1 opt_step   14000 | loss 4.5373 avg 5.1234 | lr 1.36e-04 gnorm 0.68 | tau 37.3 | 19518 tok/s | ETA 135.8h (5.7d)
  >>> val loss 4.5286 ppl 92.6
  Saved checkpoints\hertz12\best.pt
  Saved checkpoints\hertz12\step_14000.pt
  Rotated step_8000.pt (7690 MB)
  epoch 1 opt_step   14050 | loss 4.5382 avg 5.1213 | lr 1.35e-04 gnorm 0.82 | tau 37.2 | 15740 tok/s | ETA 168.4h (7.0d)
  epoch 1 opt_step   14100 | loss 4.5198 avg 5.1192 | lr 1.34e-04 gnorm 0.68 | tau 37.1 | 19518 tok/s | ETA 135.7h (5.7d)
  epoch 1 opt_step   14150 | loss 4.5243 avg 5.1171 | lr 1.33e-04 gnorm 0.74 | tau 37.0 | 19515 tok/s | ETA 135.7h (5.7d)
  epoch 1 opt_step   14200 | loss 4.5088 avg 5.1149 | lr 1.32e-04 gnorm 1.33 | tau 37.0 | 19499 tok/s | ETA 135.8h (5.7d)
  epoch 1 opt_step   14250 | loss 4.5264 avg 5.1128 | lr 1.31e-04 gnorm 0.82 | tau 36.9 | 19486 tok/s | ETA 135.9h (5.7d)
  epoch 1 opt_step   14300 | loss 4.5216 avg 5.1108 | lr 1.30e-04 gnorm 0.72 | tau 36.8 | 19496 tok/s | ETA 135.8h (5.7d)
  epoch 1 opt_step   14350 | loss 4.5222 avg 5.1087 | lr 1.29e-04 gnorm 1.07 | tau 36.7 | 19500 tok/s | ETA 135.7h (5.7d)
  epoch 1 opt_step   14400 | loss 4.5214 avg 5.1067 | lr 1.28e-04 gnorm 1.06 | tau 36.6 | 19503 tok/s | ETA 135.7h (5.7d)
  epoch 1 opt_step   14450 | loss 4.5178 avg 5.1046 | lr 1.26e-04 gnorm 0.63 | tau 36.5 | 19510 tok/s | ETA 135.6h (5.7d)
  epoch 1 opt_step   14500 | loss 4.5064 avg 5.1026 | lr 1.25e-04 gnorm 0.67 | tau 36.4 | 19528 tok/s | ETA 135.5h (5.6d)
  epoch 1 opt_step   14550 | loss 4.5103 avg 5.1006 | lr 1.24e-04 gnorm 0.64 | tau 36.3 | 19535 tok/s | ETA 135.4h (5.6d)
  epoch 1 opt_step   14600 | loss 4.4995 avg 5.0985 | lr 1.23e-04 gnorm 0.82 | tau 36.2 | 19535 tok/s | ETA 135.4h (5.6d)
  epoch 1 opt_step   14650 | loss 4.5062 avg 5.0965 | lr 1.22e-04 gnorm 0.79 | tau 36.1 | 19527 tok/s | ETA 135.4h (5.6d)
  epoch 1 opt_step   14700 | loss 4.4882 avg 5.0944 | lr 1.21e-04 gnorm 0.75 | tau 36.1 | 19512 tok/s | ETA 135.5h (5.6d)
  epoch 1 opt_step   14750 | loss 4.4970 avg 5.0924 | lr 1.20e-04 gnorm 0.70 | tau 36.0 | 19512 tok/s | ETA 135.5h (5.6d)
  epoch 1 opt_step   14800 | loss 4.4881 avg 5.0903 | lr 1.19e-04 gnorm 0.79 | tau 35.9 | 19526 tok/s | ETA 135.4h (5.6d)
  epoch 1 opt_step   14850 | loss 4.4967 avg 5.0883 | lr 1.18e-04 gnorm 0.80 | tau 35.8 | 19515 tok/s | ETA 135.4h (5.6d)
  epoch 1 opt_step   14900 | loss 4.4908 avg 5.0863 | lr 1.17e-04 gnorm 0.78 | tau 35.8 | 19523 tok/s | ETA 135.3h (5.6d)
  epoch 1 opt_step   14950 | loss 4.4871 avg 5.0843 | lr 1.16e-04 gnorm 0.94 | tau 35.7 | 19513 tok/s | ETA 135.4h (5.6d)
  epoch 1 opt_step   15000 | loss 4.4845 avg 5.0823 | lr 1.15e-04 gnorm 0.84 | tau 35.6 | 19515 tok/s | ETA 135.3h (5.6d)
  Saved bf16 milestone milestone_15000_bf16.pt (1.3 GB)
  epoch 1 opt_step   15050 | loss 4.4807 avg 5.0803 | lr 1.14e-04 gnorm 0.98 | tau 35.5 | 19228 tok/s | ETA 137.3h (5.7d)
  epoch 1 opt_step   15100 | loss 4.4928 avg 5.0784 | lr 1.13e-04 gnorm 0.95 | tau 35.4 | 19533 tok/s | ETA 135.2h (5.6d)
  epoch 1 opt_step   15150 | loss 4.4850 avg 5.0764 | lr 1.12e-04 gnorm 0.82 | tau 35.4 | 19529 tok/s | ETA 135.2h (5.6d)
  epoch 1 opt_step   15200 | loss 4.4774 avg 5.0745 | lr 1.11e-04 gnorm 0.89 | tau 35.3 | 19524 tok/s | ETA 135.2h (5.6d)
  epoch 1 opt_step   15250 | loss 4.4808 avg 5.0725 | lr 1.10e-04 gnorm 0.73 | tau 35.2 | 19523 tok/s | ETA 135.2h (5.6d)
  epoch 1 opt_step   15300 | loss 4.4717 avg 5.0705 | lr 1.09e-04 gnorm 0.79 | tau 35.1 | 19522 tok/s | ETA 135.2h (5.6d)
  epoch 1 opt_step   15350 | loss 4.4741 avg 5.0686 | lr 1.08e-04 gnorm 0.79 | tau 35.1 | 19522 tok/s | ETA 135.1h (5.6d)
  epoch 1 opt_step   15400 | loss 4.4694 avg 5.0667 | lr 1.07e-04 gnorm 0.78 | tau 35.0 | 19527 tok/s | ETA 135.1h (5.6d)
  epoch 1 opt_step   15450 | loss 4.4667 avg 5.0647 | lr 1.06e-04 gnorm 0.74 | tau 34.9 | 19520 tok/s | ETA 135.1h (5.6d)
  epoch 1 opt_step   15500 | loss 4.4529 avg 5.0627 | lr 1.05e-04 gnorm 0.79 | tau 34.9 | 19531 tok/s | ETA 135.0h (5.6d)
  epoch 1 opt_step   15550 | loss 4.4613 avg 5.0608 | lr 1.04e-04 gnorm 0.83 | tau 34.8 | 19528 tok/s | ETA 135.0h (5.6d)
  epoch 1 opt_step   15600 | loss 4.4612 avg 5.0589 | lr 1.03e-04 gnorm 0.61 | tau 34.7 | 19527 tok/s | ETA 135.0h (5.6d)
  epoch 1 opt_step   15650 | loss 4.4586 avg 5.0570 | lr 1.02e-04 gnorm 0.90 | tau 34.6 | 19530 tok/s | ETA 134.9h (5.6d)
  epoch 1 opt_step   15700 | loss 4.4627 avg 5.0551 | lr 1.01e-04 gnorm 0.73 | tau 34.6 | 19518 tok/s | ETA 135.0h (5.6d)
  epoch 1 opt_step   15750 | loss 4.4605 avg 5.0532 | lr 1.00e-04 gnorm 0.82 | tau 34.5 | 19526 tok/s | ETA 134.9h (5.6d)
  epoch 1 opt_step   15800 | loss 4.4582 avg 5.0513 | lr 9.93e-05 gnorm 0.70 | tau 34.4 | 19523 tok/s | ETA 134.9h (5.6d)
  epoch 1 opt_step   15850 | loss 4.4527 avg 5.0494 | lr 9.83e-05 gnorm 0.67 | tau 34.4 | 19527 tok/s | ETA 134.9h (5.6d)
  epoch 1 opt_step   15900 | loss 4.4387 avg 5.0475 | lr 9.73e-05 gnorm 0.79 | tau 34.3 | 19532 tok/s | ETA 134.8h (5.6d)
  epoch 1 opt_step   15950 | loss 4.4491 avg 5.0456 | lr 9.64e-05 gnorm 0.77 | tau 34.2 | 19521 tok/s | ETA 134.9h (5.6d)
  epoch 1 opt_step   16000 | loss 4.4434 avg 5.0437 | lr 9.54e-05 gnorm 0.63 | tau 34.2 | 19529 tok/s | ETA 134.8h (5.6d)
  >>> val loss 4.4495 ppl 85.6
  Saved checkpoints\hertz12\best.pt
  Saved checkpoints\hertz12\step_16000.pt
  Rotated step_10000.pt (7690 MB)
  epoch 1 opt_step   16050 | loss 4.4562 avg 5.0419 | lr 9.44e-05 gnorm 0.74 | tau 34.1 | 15714 tok/s | ETA 167.5h (7.0d)
  epoch 1 opt_step   16100 | loss 4.4461 avg 5.0401 | lr 9.35e-05 gnorm 0.74 | tau 34.0 | 19505 tok/s | ETA 134.9h (5.6d)
  epoch 1 opt_step   16150 | loss 4.4339 avg 5.0382 | lr 9.25e-05 gnorm 0.65 | tau 34.0 | 19487 tok/s | ETA 135.0h (5.6d)
  epoch 1 opt_step   16200 | loss 4.4449 avg 5.0364 | lr 9.15e-05 gnorm 0.77 | tau 33.9 | 19500 tok/s | ETA 134.9h (5.6d)
  epoch 1 opt_step   16250 | loss 4.4425 avg 5.0345 | lr 9.06e-05 gnorm 0.72 | tau 33.9 | 19513 tok/s | ETA 134.8h (5.6d)
  epoch 1 opt_step   16300 | loss 4.4265 avg 5.0327 | lr 8.96e-05 gnorm 0.63 | tau 33.8 | 19526 tok/s | ETA 134.7h (5.6d)
  epoch 1 opt_step   16350 | loss 4.4420 avg 5.0309 | lr 8.87e-05 gnorm 0.72 | tau 33.8 | 19091 tok/s | ETA 137.7h (5.7d)
  epoch 1 opt_step   16400 | loss 4.4211 avg 5.0290 | lr 8.77e-05 gnorm 0.64 | tau 33.7 | 18824 tok/s | ETA 139.6h (5.8d)
  epoch 1 opt_step   16450 | loss 4.4314 avg 5.0272 | lr 8.68e-05 gnorm 0.72 | tau 33.7 | 18599 tok/s | ETA 141.3h (5.9d)
  epoch 1 opt_step   16500 | loss 4.4315 avg 5.0254 | lr 8.58e-05 gnorm 0.83 | tau 33.6 | 18898 tok/s | ETA 139.0h (5.8d)
  epoch 1 opt_step   16550 | loss 4.4160 avg 5.0235 | lr 8.49e-05 gnorm 0.74 | tau 33.5 | 19438 tok/s | ETA 135.2h (5.6d)
  epoch 1 opt_step   16600 | loss 4.4257 avg 5.0217 | lr 8.40e-05 gnorm 0.75 | tau 33.5 | 19431 tok/s | ETA 135.2h (5.6d)
  epoch 1 opt_step   16650 | loss 4.4008 avg 5.0199 | lr 8.30e-05 gnorm 0.82 | tau 33.4 | 19440 tok/s | ETA 135.1h (5.6d)
  epoch 1 opt_step   16700 | loss 4.4079 avg 5.0180 | lr 8.21e-05 gnorm 0.69 | tau 33.4 | 19435 tok/s | ETA 135.1h (5.6d)
  epoch 1 opt_step   16750 | loss 4.4147 avg 5.0162 | lr 8.12e-05 gnorm 0.84 | tau 33.3 | 19436 tok/s | ETA 135.1h (5.6d)
  epoch 1 opt_step   16800 | loss 4.4202 avg 5.0145 | lr 8.02e-05 gnorm 0.71 | tau 33.3 | 19429 tok/s | ETA 135.1h (5.6d)
  epoch 1 opt_step   16850 | loss 4.4120 avg 5.0127 | lr 7.93e-05 gnorm 0.73 | tau 33.2 | 19403 tok/s | ETA 135.3h (5.6d)
  epoch 1 opt_step   16900 | loss 4.4101 avg 5.0109 | lr 7.84e-05 gnorm 0.91 | tau 33.2 | 19439 tok/s | ETA 135.0h (5.6d)
  epoch 1 opt_step   16950 | loss 4.4156 avg 5.0091 | lr 7.75e-05 gnorm 0.65 | tau 33.1 | 19441 tok/s | ETA 134.9h (5.6d)
  epoch 1 opt_step   17000 | loss 4.4129 avg 5.0074 | lr 7.66e-05 gnorm 0.73 | tau 33.1 | 19445 tok/s | ETA 134.9h (5.6d)
  epoch 1 opt_step   17050 | loss 4.4081 avg 5.0056 | lr 7.57e-05 gnorm 0.63 | tau 33.0 | 19407 tok/s | ETA 135.1h (5.6d)
  epoch 1 opt_step   17100 | loss 4.3970 avg 5.0038 | lr 7.48e-05 gnorm 0.71 | tau 33.0 | 19546 tok/s | ETA 134.2h (5.6d)
  epoch 1 opt_step   17150 | loss 4.3949 avg 5.0021 | lr 7.39e-05 gnorm 0.74 | tau 32.9 | 19550 tok/s | ETA 134.1h (5.6d)
  epoch 1 opt_step   17200 | loss 4.3964 avg 5.0003 | lr 7.30e-05 gnorm 0.72 | tau 32.9 | 19548 tok/s | ETA 134.1h (5.6d)
  epoch 1 opt_step   17250 | loss 4.4062 avg 4.9986 | lr 7.21e-05 gnorm 0.64 | tau 32.9 | 19546 tok/s | ETA 134.1h (5.6d)
  epoch 1 opt_step   17300 | loss 4.3977 avg 4.9968 | lr 7.12e-05 gnorm 0.66 | tau 32.8 | 19548 tok/s | ETA 134.0h (5.6d)
  epoch 1 opt_step   17350 | loss 4.3927 avg 4.9951 | lr 7.03e-05 gnorm 0.80 | tau 32.8 | 19545 tok/s | ETA 134.0h (5.6d)
  epoch 1 opt_step   17400 | loss 4.3909 avg 4.9934 | lr 6.94e-05 gnorm 0.82 | tau 32.7 | 19543 tok/s | ETA 134.0h (5.6d)
  epoch 1 opt_step   17450 | loss 4.4067 avg 4.9917 | lr 6.86e-05 gnorm 0.79 | tau 32.7 | 19539 tok/s | ETA 134.0h (5.6d)
  epoch 1 opt_step   17500 | loss 4.4004 avg 4.9900 | lr 6.77e-05 gnorm 0.79 | tau 32.6 | 19537 tok/s | ETA 134.0h (5.6d)
  epoch 1 opt_step   17550 | loss 4.3864 avg 4.9883 | lr 6.68e-05 gnorm 0.67 | tau 32.6 | 18801 tok/s | ETA 139.3h (5.8d)
  epoch 1 opt_step   17600 | loss 4.3815 avg 4.9866 | lr 6.60e-05 gnorm 0.71 | tau 32.6 | 19273 tok/s | ETA 135.8h (5.7d)
  epoch 1 opt_step   17650 | loss 4.3918 avg 4.9849 | lr 6.51e-05 gnorm 0.67 | tau 32.5 | 19444 tok/s | ETA 134.6h (5.6d)
  epoch 1 opt_step   17700 | loss 4.3826 avg 4.9832 | lr 6.42e-05 gnorm 0.70 | tau 32.5 | 19430 tok/s | ETA 134.7h (5.6d)
  epoch 1 opt_step   17750 | loss 4.3764 avg 4.9815 | lr 6.34e-05 gnorm 0.65 | tau 32.4 | 19348 tok/s | ETA 135.2h (5.6d)
  epoch 1 opt_step   17800 | loss 4.3786 avg 4.9798 | lr 6.25e-05 gnorm 0.63 | tau 32.4 | 19371 tok/s | ETA 135.0h (5.6d)
  epoch 1 opt_step   17850 | loss 4.3890 avg 4.9781 | lr 6.17e-05 gnorm 0.69 | tau 32.4 | 19381 tok/s | ETA 134.9h (5.6d)
  epoch 1 opt_step   17900 | loss 4.3801 avg 4.9764 | lr 6.09e-05 gnorm 0.79 | tau 32.3 | 19391 tok/s | ETA 134.9h (5.6d)
  epoch 1 opt_step   17950 | loss 4.3769 avg 4.9748 | lr 6.00e-05 gnorm 0.70 | tau 32.3 | 19395 tok/s | ETA 134.8h (5.6d)
  epoch 1 opt_step   18000 | loss 4.3765 avg 4.9731 | lr 5.92e-05 gnorm 0.68 | tau 32.2 | 19382 tok/s | ETA 134.9h (5.6d)
  >>> val loss 4.3825 ppl 80.0
  Saved checkpoints\hertz12\best.pt
  Saved checkpoints\hertz12\step_18000.pt
  Rotated step_12000.pt (7690 MB)
  epoch 1 opt_step   18050 | loss 4.3696 avg 4.9714 | lr 5.84e-05 gnorm 0.69 | tau 32.2 | 15800 tok/s | ETA 165.4h (6.9d)
  epoch 1 opt_step   18100 | loss 4.3715 avg 4.9698 | lr 5.75e-05 gnorm 0.74 | tau 32.2 | 19392 tok/s | ETA 134.7h (5.6d)
  epoch 1 opt_step   18150 | loss 4.3705 avg 4.9681 | lr 5.67e-05 gnorm 0.72 | tau 32.1 | 19259 tok/s | ETA 135.7h (5.7d)
  epoch 1 opt_step   18200 | loss 4.3680 avg 4.9665 | lr 5.59e-05 gnorm 0.92 | tau 32.1 | 19370 tok/s | ETA 134.9h (5.6d)
  epoch 1 opt_step   18250 | loss 4.3615 avg 4.9648 | lr 5.51e-05 gnorm 0.68 | tau 32.1 | 19383 tok/s | ETA 134.7h (5.6d)
  epoch 1 opt_step   18300 | loss 4.3705 avg 4.9632 | lr 5.43e-05 gnorm 0.78 | tau 32.0 | 19503 tok/s | ETA 133.9h (5.6d)
  epoch 1 opt_step   18350 | loss 4.3689 avg 4.9616 | lr 5.35e-05 gnorm 0.70 | tau 32.0 | 19529 tok/s | ETA 133.7h (5.6d)
  epoch 1 opt_step   18400 | loss 4.3657 avg 4.9600 | lr 5.27e-05 gnorm 0.71 | tau 31.9 | 19532 tok/s | ETA 133.6h (5.6d)
  epoch 1 opt_step   18450 | loss 4.3640 avg 4.9583 | lr 5.19e-05 gnorm 0.63 | tau 31.9 | 19533 tok/s | ETA 133.6h (5.6d)
  epoch 1 opt_step   18500 | loss 4.3667 avg 4.9567 | lr 5.11e-05 gnorm 0.72 | tau 31.9 | 19527 tok/s | ETA 133.6h (5.6d)
  epoch 1 opt_step   18550 | loss 4.3630 avg 4.9551 | lr 5.03e-05 gnorm 0.64 | tau 31.8 | 19527 tok/s | ETA 133.6h (5.6d)
  epoch 1 opt_step   18600 | loss 4.3641 avg 4.9536 | lr 4.96e-05 gnorm 0.73 | tau 31.8 | 19538 tok/s | ETA 133.5h (5.6d)
  epoch 1 opt_step   18650 | loss 4.3655 avg 4.9520 | lr 4.88e-05 gnorm 0.66 | tau 31.8 | 19539 tok/s | ETA 133.5h (5.6d)
  epoch 1 opt_step   18700 | loss 4.3449 avg 4.9504 | lr 4.80e-05 gnorm 0.71 | tau 31.7 | 19532 tok/s | ETA 133.5h (5.6d)
  epoch 1 opt_step   18750 | loss 4.3694 avg 4.9488 | lr 4.73e-05 gnorm 0.62 | tau 31.7 | 19534 tok/s | ETA 133.5h (5.6d)
  epoch 1 opt_step   18800 | loss 4.3545 avg 4.9472 | lr 4.65e-05 gnorm 0.82 | tau 31.7 | 19524 tok/s | ETA 133.5h (5.6d)
  epoch 1 opt_step   18850 | loss 4.3471 avg 4.9456 | lr 4.58e-05 gnorm 0.72 | tau 31.6 | 19521 tok/s | ETA 133.5h (5.6d)
  epoch 1 opt_step   18900 | loss 4.3583 avg 4.9441 | lr 4.50e-05 gnorm 0.65 | tau 31.6 | 19510 tok/s | ETA 133.6h (5.6d)
  epoch 1 opt_step   18950 | loss 4.3349 avg 4.9425 | lr 4.43e-05 gnorm 0.66 | tau 31.6 | 19523 tok/s | ETA 133.4h (5.6d)
  epoch 1 opt_step   19000 | loss 4.3642 avg 4.9410 | lr 4.35e-05 gnorm 0.68 | tau 31.6 | 19523 tok/s | ETA 133.4h (5.6d)
  epoch 1 opt_step   19050 | loss 4.3406 avg 4.9394 | lr 4.28e-05 gnorm 0.77 | tau 31.5 | 19524 tok/s | ETA 133.4h (5.6d)
  epoch 1 opt_step   19100 | loss 4.3524 avg 4.9378 | lr 4.21e-05 gnorm 0.73 | tau 31.5 | 19512 tok/s | ETA 133.5h (5.6d)
  epoch 1 opt_step   19150 | loss 4.3470 avg 4.9363 | lr 4.14e-05 gnorm 0.68 | tau 31.5 | 19523 tok/s | ETA 133.4h (5.6d)
  epoch 1 opt_step   19200 | loss 4.3521 avg 4.9348 | lr 4.06e-05 gnorm 0.68 | tau 31.5 | 19525 tok/s | ETA 133.3h (5.6d)
  epoch 1 opt_step   19250 | loss 4.3526 avg 4.9333 | lr 3.99e-05 gnorm 0.68 | tau 31.4 | 19527 tok/s | ETA 133.3h (5.6d)
  epoch 1 opt_step   19300 | loss 4.3434 avg 4.9317 | lr 3.92e-05 gnorm 0.72 | tau 31.4 | 19523 tok/s | ETA 133.3h (5.6d)
  epoch 1 opt_step   19350 | loss 4.3401 avg 4.9302 | lr 3.85e-05 gnorm 0.71 | tau 31.4 | 19522 tok/s | ETA 133.3h (5.6d)
  epoch 1 opt_step   19400 | loss 4.3395 avg 4.9287 | lr 3.78e-05 gnorm 0.63 | tau 31.4 | 19531 tok/s | ETA 133.2h (5.5d)
  epoch 1 opt_step   19450 | loss 4.3318 avg 4.9272 | lr 3.72e-05 gnorm 0.86 | tau 31.3 | 19532 tok/s | ETA 133.2h (5.5d)
  epoch 1 opt_step   19500 | loss 4.3381 avg 4.9256 | lr 3.65e-05 gnorm 0.71 | tau 31.3 | 19529 tok/s | ETA 133.1h (5.5d)
  epoch 1 opt_step   19550 | loss 4.3396 avg 4.9241 | lr 3.58e-05 gnorm 0.64 | tau 31.3 | 19526 tok/s | ETA 133.1h (5.5d)
  epoch 1 opt_step   19600 | loss 4.3244 avg 4.9226 | lr 3.51e-05 gnorm 0.63 | tau 31.3 | 19522 tok/s | ETA 133.2h (5.5d)
  epoch 1 opt_step   19650 | loss 4.3247 avg 4.9211 | lr 3.45e-05 gnorm 0.64 | tau 31.2 | 19525 tok/s | ETA 133.1h (5.5d)
  epoch 1 opt_step   19700 | loss 4.3284 avg 4.9196 | lr 3.38e-05 gnorm 0.74 | tau 31.2 | 19526 tok/s | ETA 133.1h (5.5d)
  epoch 1 opt_step   19750 | loss 4.3305 avg 4.9181 | lr 3.31e-05 gnorm 0.63 | tau 31.2 | 19528 tok/s | ETA 133.0h (5.5d)
  epoch 1 opt_step   19800 | loss 4.3328 avg 4.9166 | lr 3.25e-05 gnorm 0.62 | tau 31.2 | 19523 tok/s | ETA 133.0h (5.5d)
  epoch 1 opt_step   19850 | loss 4.3224 avg 4.9151 | lr 3.18e-05 gnorm 0.65 | tau 31.1 | 19530 tok/s | ETA 133.0h (5.5d)
  epoch 1 opt_step   19900 | loss 4.3336 avg 4.9137 | lr 3.12e-05 gnorm 0.64 | tau 31.1 | 19518 tok/s | ETA 133.0h (5.5d)
  epoch 1 opt_step   19950 | loss 4.3335 avg 4.9122 | lr 3.06e-05 gnorm 0.67 | tau 31.1 | 19526 tok/s | ETA 133.0h (5.5d)
  epoch 1 opt_step   20000 | loss 4.3337 avg 4.9108 | lr 2.99e-05 gnorm 0.63 | tau 31.1 | 19528 tok/s | ETA 132.9h (5.5d)
  >>> val loss 4.3274 ppl 75.8
  Saved checkpoints\hertz12\best.pt
  Saved checkpoints\hertz12\step_20000.pt
  Rotated step_14000.pt (7690 MB)
  Saved bf16 milestone milestone_20000_bf16.pt (1.3 GB)
  epoch 1 opt_step   20050 | loss 4.3315 avg 4.9093 | lr 2.93e-05 gnorm 0.63 | tau 31.0 | 15418 tok/s | ETA 168.3h (7.0d)
  epoch 1 opt_step   20100 | loss 4.3360 avg 4.9079 | lr 2.87e-05 gnorm 0.68 | tau 31.0 | 19496 tok/s | ETA 133.1h (5.5d)
  epoch 1 opt_step   20150 | loss 4.3263 avg 4.9064 | lr 2.81e-05 gnorm 0.63 | tau 31.0 | 19483 tok/s | ETA 133.2h (5.5d)
  epoch 1 opt_step   20200 | loss 4.3252 avg 4.9050 | lr 2.75e-05 gnorm 0.63 | tau 31.0 | 19470 tok/s | ETA 133.2h (5.6d)
  epoch 1 opt_step   20250 | loss 4.3198 avg 4.9036 | lr 2.69e-05 gnorm 0.80 | tau 31.0 | 19494 tok/s | ETA 133.0h (5.5d)
  epoch 1 opt_step   20300 | loss 4.3302 avg 4.9021 | lr 2.63e-05 gnorm 0.76 | tau 31.0 | 19498 tok/s | ETA 133.0h (5.5d)
  epoch 1 opt_step   20350 | loss 4.3087 avg 4.9007 | lr 2.57e-05 gnorm 0.78 | tau 30.9 | 19490 tok/s | ETA 133.0h (5.5d)
  epoch 1 opt_step   20400 | loss 4.3125 avg 4.8992 | lr 2.51e-05 gnorm 0.82 | tau 30.9 | 19500 tok/s | ETA 132.9h (5.5d)
  epoch 1 opt_step   20450 | loss 4.3170 avg 4.8978 | lr 2.46e-05 gnorm 0.63 | tau 30.9 | 19495 tok/s | ETA 132.9h (5.5d)
  epoch 1 opt_step   20500 | loss 4.2980 avg 4.8964 | lr 2.40e-05 gnorm 0.66 | tau 30.9 | 19496 tok/s | ETA 132.9h (5.5d)
  epoch 1 opt_step   20550 | loss 4.3228 avg 4.8950 | lr 2.34e-05 gnorm 0.60 | tau 30.9 | 19503 tok/s | ETA 132.8h (5.5d)
  epoch 1 opt_step   20600 | loss 4.3044 avg 4.8935 | lr 2.29e-05 gnorm 0.68 | tau 30.9 | 19492 tok/s | ETA 132.9h (5.5d)
  epoch 1 opt_step   20650 | loss 4.3222 avg 4.8921 | lr 2.23e-05 gnorm 0.61 | tau 30.8 | 19492 tok/s | ETA 132.9h (5.5d)
  epoch 1 opt_step   20700 | loss 4.3181 avg 4.8908 | lr 2.18e-05 gnorm 0.77 | tau 30.8 | 19491 tok/s | ETA 132.8h (5.5d)
  epoch 1 opt_step   20750 | loss 4.3248 avg 4.8894 | lr 2.12e-05 gnorm 0.59 | tau 30.8 | 19502 tok/s | ETA 132.8h (5.5d)
  epoch 1 opt_step   20800 | loss 4.3112 avg 4.8880 | lr 2.07e-05 gnorm 0.68 | tau 30.8 | 19499 tok/s | ETA 132.7h (5.5d)
  epoch 1 opt_step   20850 | loss 4.3062 avg 4.8866 | lr 2.02e-05 gnorm 0.63 | tau 30.8 | 19502 tok/s | ETA 132.7h (5.5d)
  epoch 1 opt_step   20900 | loss 4.3133 avg 4.8852 | lr 1.97e-05 gnorm 0.64 | tau 30.8 | 19508 tok/s | ETA 132.6h (5.5d)
  epoch 1 opt_step   20950 | loss 4.3150 avg 4.8839 | lr 1.92e-05 gnorm 0.65 | tau 30.8 | 19502 tok/s | ETA 132.7h (5.5d)
  epoch 1 opt_step   21000 | loss 4.3203 avg 4.8825 | lr 1.87e-05 gnorm 0.64 | tau 30.7 | 19502 tok/s | ETA 132.6h (5.5d)
  epoch 1 opt_step   21050 | loss 4.3024 avg 4.8812 | lr 1.82e-05 gnorm 0.62 | tau 30.7 | 19500 tok/s | ETA 132.6h (5.5d)
  epoch 1 opt_step   21100 | loss 4.3058 avg 4.8798 | lr 1.77e-05 gnorm 0.64 | tau 30.7 | 19500 tok/s | ETA 132.6h (5.5d)
  epoch 1 opt_step   21150 | loss 4.3000 avg 4.8784 | lr 1.72e-05 gnorm 0.70 | tau 30.7 | 19499 tok/s | ETA 132.6h (5.5d)
  epoch 1 opt_step   21200 | loss 4.3030 avg 4.8771 | lr 1.67e-05 gnorm 0.63 | tau 30.7 | 19500 tok/s | ETA 132.6h (5.5d)
  epoch 1 opt_step   21250 | loss 4.3166 avg 4.8758 | lr 1.62e-05 gnorm 0.60 | tau 30.7 | 19499 tok/s | ETA 132.5h (5.5d)
  epoch 1 opt_step   21300 | loss 4.3005 avg 4.8744 | lr 1.58e-05 gnorm 0.67 | tau 30.7 | 19488 tok/s | ETA 132.6h (5.5d)
  epoch 1 opt_step   21350 | loss 4.2990 avg 4.8731 | lr 1.53e-05 gnorm 0.64 | tau 30.7 | 19503 tok/s | ETA 132.5h (5.5d)
  epoch 1 opt_step   21400 | loss 4.3008 avg 4.8717 | lr 1.48e-05 gnorm 0.66 | tau 30.6 | 19502 tok/s | ETA 132.4h (5.5d)
  epoch 1 opt_step   21450 | loss 4.2956 avg 4.8704 | lr 1.44e-05 gnorm 0.62 | tau 30.6 | 19506 tok/s | ETA 132.4h (5.5d)
  epoch 1 opt_step   21500 | loss 4.3014 avg 4.8691 | lr 1.39e-05 gnorm 0.59 | tau 30.6 | 19498 tok/s | ETA 132.4h (5.5d)
  epoch 1 opt_step   21550 | loss 4.3082 avg 4.8677 | lr 1.35e-05 gnorm 0.62 | tau 30.6 | 19507 tok/s | ETA 132.3h (5.5d)
  epoch 1 opt_step   21600 | loss 4.3044 avg 4.8664 | lr 1.31e-05 gnorm 0.72 | tau 30.6 | 19489 tok/s | ETA 132.4h (5.5d)
  epoch 1 opt_step   21650 | loss 4.3065 avg 4.8652 | lr 1.27e-05 gnorm 0.60 | tau 30.6 | 19495 tok/s | ETA 132.4h (5.5d)
  epoch 1 opt_step   21700 | loss 4.3018 avg 4.8639 | lr 1.22e-05 gnorm 0.66 | tau 30.6 | 19502 tok/s | ETA 132.3h (5.5d)
  epoch 1 opt_step   21750 | loss 4.3008 avg 4.8626 | lr 1.18e-05 gnorm 0.62 | tau 30.6 | 19488 tok/s | ETA 132.4h (5.5d)
  epoch 1 opt_step   21800 | loss 4.2907 avg 4.8612 | lr 1.14e-05 gnorm 0.66 | tau 30.6 | 19503 tok/s | ETA 132.3h (5.5d)
  epoch 1 opt_step   21850 | loss 4.3043 avg 4.8600 | lr 1.10e-05 gnorm 0.74 | tau 30.6 | 19498 tok/s | ETA 132.3h (5.5d)
  epoch 1 opt_step   21900 | loss 4.3046 avg 4.8587 | lr 1.07e-05 gnorm 0.63 | tau 30.6 | 19496 tok/s | ETA 132.3h (5.5d)
  epoch 1 opt_step   21950 | loss 4.2989 avg 4.8574 | lr 1.03e-05 gnorm 0.62 | tau 30.5 | 19493 tok/s | ETA 132.3h (5.5d)
  epoch 1 opt_step   22000 | loss 4.2947 avg 4.8562 | lr 9.89e-06 gnorm 0.62 | tau 30.5 | 19489 tok/s | ETA 132.3h (5.5d)
  >>> val loss 4.3016 ppl 73.8
  Saved checkpoints\hertz12\best.pt
  Saved checkpoints\hertz12\step_22000.pt
  Rotated step_16000.pt (7690 MB)
  epoch 1 opt_step   22050 | loss 4.3135 avg 4.8549 | lr 9.53e-06 gnorm 0.62 | tau 30.5 | 15725 tok/s | ETA 163.9h (6.8d)
  epoch 1 opt_step   22100 | loss 4.2902 avg 4.8536 | lr 9.16e-06 gnorm 0.67 | tau 30.5 | 19483 tok/s | ETA 132.2h (5.5d)
  epoch 1 opt_step   22150 | loss 4.2901 avg 4.8524 | lr 8.81e-06 gnorm 0.63 | tau 30.5 | 19466 tok/s | ETA 132.3h (5.5d)
  epoch 1 opt_step   22200 | loss 4.2905 avg 4.8511 | lr 8.46e-06 gnorm 0.64 | tau 30.5 | 19477 tok/s | ETA 132.2h (5.5d)
  epoch 1 opt_step   22250 | loss 4.2923 avg 4.8499 | lr 8.12e-06 gnorm 0.67 | tau 30.5 | 19497 tok/s | ETA 132.1h (5.5d)
  epoch 1 opt_step   22300 | loss 4.2929 avg 4.8486 | lr 7.78e-06 gnorm 0.60 | tau 30.5 | 19493 tok/s | ETA 132.1h (5.5d)
  epoch 1 opt_step   22350 | loss 4.2884 avg 4.8473 | lr 7.46e-06 gnorm 0.65 | tau 30.5 | 19495 tok/s | ETA 132.1h (5.5d)
  epoch 1 opt_step   22400 | loss 4.3012 avg 4.8461 | lr 7.14e-06 gnorm 0.65 | tau 30.5 | 19486 tok/s | ETA 132.1h (5.5d)
  epoch 1 opt_step   22450 | loss 4.2914 avg 4.8449 | lr 6.82e-06 gnorm 0.58 | tau 30.5 | 19499 tok/s | ETA 132.0h (5.5d)
  epoch 1 opt_step   22500 | loss 4.3013 avg 4.8437 | lr 6.52e-06 gnorm 0.74 | tau 30.5 | 19490 tok/s | ETA 132.0h (5.5d)
  epoch 1 opt_step   22550 | loss 4.2950 avg 4.8425 | lr 6.22e-06 gnorm 0.62 | tau 30.5 | 19500 tok/s | ETA 131.9h (5.5d)
  epoch 1 opt_step   22600 | loss 4.2979 avg 4.8413 | lr 5.92e-06 gnorm 0.66 | tau 30.5 | 19499 tok/s | ETA 131.9h (5.5d)
  epoch 1 opt_step   22650 | loss 4.3047 avg 4.8401 | lr 5.64e-06 gnorm 0.59 | tau 30.5 | 19507 tok/s | ETA 131.8h (5.5d)
  epoch 1 opt_step   22700 | loss 4.2963 avg 4.8389 | lr 5.36e-06 gnorm 0.65 | tau 30.5 | 19497 tok/s | ETA 131.9h (5.5d)
  epoch 1 opt_step   22750 | loss 4.2890 avg 4.8377 | lr 5.08e-06 gnorm 0.60 | tau 30.5 | 19490 tok/s | ETA 131.9h (5.5d)
  epoch 1 opt_step   22800 | loss 4.2880 avg 4.8365 | lr 4.82e-06 gnorm 0.60 | tau 30.5 | 19481 tok/s | ETA 131.9h (5.5d)
  epoch 1 opt_step   22850 | loss 4.2926 avg 4.8353 | lr 4.56e-06 gnorm 0.61 | tau 30.4 | 19505 tok/s | ETA 131.7h (5.5d)
  epoch 1 opt_step   22900 | loss 4.2922 avg 4.8341 | lr 4.31e-06 gnorm 0.61 | tau 30.4 | 19503 tok/s | ETA 131.7h (5.5d)
  epoch 1 opt_step   22950 | loss 4.2956 avg 4.8329 | lr 4.07e-06 gnorm 0.63 | tau 30.4 | 19507 tok/s | ETA 131.7h (5.5d)
  epoch 1 opt_step   23000 | loss 4.2913 avg 4.8317 | lr 3.83e-06 gnorm 0.64 | tau 30.4 | 19498 tok/s | ETA 131.7h (5.5d)
  epoch 1 opt_step   23050 | loss 4.2853 avg 4.8306 | lr 3.60e-06 gnorm 0.61 | tau 30.4 | 19503 tok/s | ETA 131.7h (5.5d)
  epoch 1 opt_step   23100 | loss 4.2934 avg 4.8294 | lr 3.37e-06 gnorm 0.60 | tau 30.4 | 19497 tok/s | ETA 131.7h (5.5d)
  epoch 1 opt_step   23150 | loss 4.2952 avg 4.8282 | lr 3.16e-06 gnorm 0.63 | tau 30.4 | 19502 tok/s | ETA 131.6h (5.5d)
  epoch 1 opt_step   23200 | loss 4.2943 avg 4.8271 | lr 2.95e-06 gnorm 0.62 | tau 30.4 | 19488 tok/s | ETA 131.7h (5.5d)
  epoch 1 opt_step   23250 | loss 4.2853 avg 4.8259 | lr 2.75e-06 gnorm 0.63 | tau 30.4 | 19497 tok/s | ETA 131.6h (5.5d)
  epoch 1 opt_step   23300 | loss 4.2885 avg 4.8248 | lr 2.55e-06 gnorm 0.61 | tau 30.4 | 19500 tok/s | ETA 131.6h (5.5d)
  epoch 1 opt_step   23350 | loss 4.2934 avg 4.8236 | lr 2.37e-06 gnorm 0.62 | tau 30.4 | 19487 tok/s | ETA 131.6h (5.5d)
  epoch 1 opt_step   23400 | loss 4.2942 avg 4.8225 | lr 2.18e-06 gnorm 0.59 | tau 30.4 | 19488 tok/s | ETA 131.6h (5.5d)
  epoch 1 opt_step   23450 | loss 4.2938 avg 4.8214 | lr 2.01e-06 gnorm 0.64 | tau 30.4 | 19496 tok/s | ETA 131.5h (5.5d)
  epoch 1 opt_step   23500 | loss 4.2995 avg 4.8203 | lr 1.84e-06 gnorm 0.59 | tau 30.4 | 19492 tok/s | ETA 131.5h (5.5d)
  epoch 1 opt_step   23550 | loss 4.2973 avg 4.8192 | lr 1.69e-06 gnorm 0.60 | tau 30.4 | 19500 tok/s | ETA 131.5h (5.5d)
  epoch 1 opt_step   23600 | loss 4.2908 avg 4.8180 | lr 1.53e-06 gnorm 0.67 | tau 30.4 | 19507 tok/s | ETA 131.4h (5.5d)
  epoch 1 opt_step   23650 | loss 4.2823 avg 4.8169 | lr 1.39e-06 gnorm 0.60 | tau 30.4 | 19503 tok/s | ETA 131.4h (5.5d)
  epoch 1 opt_step   23700 | loss 4.2979 avg 4.8158 | lr 1.25e-06 gnorm 0.62 | tau 30.4 | 19504 tok/s | ETA 131.4h (5.5d)
  epoch 1 opt_step   23750 | loss 4.2791 avg 4.8147 | lr 1.12e-06 gnorm 0.60 | tau 30.4 | 19507 tok/s | ETA 131.3h (5.5d)
  epoch 1 opt_step   23800 | loss 4.2968 avg 4.8136 | lr 9.97e-07 gnorm 0.60 | tau 30.4 | 19506 tok/s | ETA 131.3h (5.5d)
  epoch 1 opt_step   23850 | loss 4.2874 avg 4.8125 | lr 8.81e-07 gnorm 0.60 | tau 30.4 | 19502 tok/s | ETA 131.3h (5.5d)
  epoch 1 opt_step   23900 | loss 4.2837 avg 4.8114 | lr 7.72e-07 gnorm 0.65 | tau 30.4 | 19501 tok/s | ETA 131.3h (5.5d)
  epoch 1 opt_step   23950 | loss 4.2935 avg 4.8103 | lr 6.70e-07 gnorm 0.63 | tau 30.4 | 19502 tok/s | ETA 131.3h (5.5d)
  epoch 1 opt_step   24000 | loss 4.2890 avg 4.8092 | lr 5.75e-07 gnorm 0.61 | tau 30.4 | 19506 tok/s | ETA 131.2h (5.5d)
  >>> val loss 4.2920 ppl 73.1
  Saved checkpoints\hertz12\best.pt
  Saved checkpoints\hertz12\step_24000.pt
  Rotated step_18000.pt (7690 MB)
  epoch 1 opt_step   24050 | loss 4.3034 avg 4.8082 | lr 4.88e-07 gnorm 0.60 | tau 30.4 | 15643 tok/s | ETA 163.6h (6.8d)
  epoch 1 opt_step   24100 | loss 4.2879 avg 4.8071 | lr 4.07e-07 gnorm 0.60 | tau 30.4 | 19487 tok/s | ETA 131.3h (5.5d)
  epoch 1 opt_step   24150 | loss 4.2895 avg 4.8060 | lr 3.34e-07 gnorm 0.64 | tau 30.4 | 19469 tok/s | ETA 131.4h (5.5d)
  epoch 1 opt_step   24200 | loss 4.2922 avg 4.8049 | lr 2.68e-07 gnorm 0.66 | tau 30.4 | 19469 tok/s | ETA 131.4h (5.5d)
  epoch 1 opt_step   24250 | loss 4.2912 avg 4.8039 | lr 2.10e-07 gnorm 0.61 | tau 30.4 | 19502 tok/s | ETA 131.1h (5.5d)
  epoch 1 opt_step   24300 | loss 4.2886 avg 4.8028 | lr 1.58e-07 gnorm 0.64 | tau 30.4 | 19508 tok/s | ETA 131.1h (5.5d)
  epoch 1 opt_step   24350 | loss 4.2846 avg 4.8018 | lr 1.14e-07 gnorm 0.62 | tau 30.4 | 19510 tok/s | ETA 131.0h (5.5d)
  epoch 1 opt_step   24400 | loss 4.2818 avg 4.8007 | lr 7.71e-08 gnorm 0.60 | tau 30.4 | 19510 tok/s | ETA 131.0h (5.5d)
  epoch 1 opt_step   24450 | loss 4.2945 avg 4.7997 | lr 4.73e-08 gnorm 0.61 | tau 30.4 | 19510 tok/s | ETA 131.0h (5.5d)
  epoch 1 opt_step   24500 | loss 4.2858 avg 4.7986 | lr 2.48e-08 gnorm 0.62 | tau 30.4 | 19510 tok/s | ETA 130.9h (5.5d)
  epoch 1 opt_step   24550 | loss 4.2852 avg 4.7976 | lr 9.48e-09 gnorm 0.59 | tau 30.4 | 19511 tok/s | ETA 130.9h (5.5d)
  epoch 1 opt_step   24600 | loss 4.3042 avg 4.7966 | lr 1.39e-09 gnorm 0.62 | tau 30.4 | 19510 tok/s | ETA 130.9h (5.5d)
  Epoch 1 done | avg loss 4.7959 | ppl 121.0
  Saved checkpoints\hertz12\epoch_1.pt

============================================================
Final evaluation
============================================================
  Final val loss: 4.2699
  Final val ppl:  71.5
  Saved checkpoints\hertz12\final.pt

Done. Checkpoints in checkpoints\hertz12
