============================================================
RADIANCE HERTZ ΓÇö 1B SGS Language Model
============================================================
Device: cuda
  GPU: NVIDIA GeForce RTX 4090
  VRAM: 25.8 GB
  BLAS: default (cuBLASLt preference unsupported on Windows)

============================================================
PHASE 1: Data preparation
============================================================
  Preparing FineWeb-Edu + Wikipedia mix (10M total, wiki_fraction=0.1)...

Mix budget: 0.0B total -> FineWeb 0.01B + Wikipedia 0.00B (wiki_fraction=0.1)
Fetching FineWeb-Edu file list from sample/10BT...
  Found 14 parquet shards
Traceback (most recent call last):
  File "C:\Users\feama\sgs\src\tinystories.py", line 388, in download_fineweb_edu
    import pandas as pd
  File "C:\Users\feama\sgs\.venv\Lib\site-packages\pandas\__init__.py", line 56, in <module>
    import pandas.core.config_init  # pyright: ignore[reportUnusedImport] # noqa: F401
    ^^^^^^^^^^^^^^^^^^^^^^^^^^^^^^
  File "C:\Users\feama\sgs\.venv\Lib\site-packages\pandas\core\config_init.py", line 31, in <module>
    from pandas.errors import Pandas4Warning
  File "C:\Users\feama\sgs\.venv\Lib\site-packages\pandas\errors\__init__.py", line 12, in <module>
    from pandas._libs.tslibs import (
    ...<3 lines>...
    )
  File "C:\Users\feama\sgs\.venv\Lib\site-packages\pandas\_libs\__init__.py", line 16, in <module>
    import pandas._libs.pandas_parser  # isort: skip # type: ignore[reportUnusedImport]
    ^^^^^^^^^^^^^^^^^^^^^^^^^^^^^^^^^
ModuleNotFoundError: No module named 'pandas._libs.pandas_parser'

During handling of the above exception, another exception occurred:

Traceback (most recent call last):
  File "C:\Users\feama\sgs\scripts\train_hertz.py", line 658, in <module>
    main()
    ~~~~^^
  File "C:\Users\feama\sgs\scripts\train_hertz.py", line 227, in main
    data = prepare_fineweb_wiki_mix(
        str(data_dir), vocab_size=args.vocab_size,
        context_length=args.context_len, max_tokens=max_tokens,
        wiki_fraction=args.wiki_fraction,
    )
  File "C:\Users\feama\sgs\src\tinystories.py", line 597, in prepare_fineweb_wiki_mix
    fw_train, fw_val = download_fineweb_edu(str(data_dir / "fineweb_raw"), fw_tokens)
                       ~~~~~~~~~~~~~~~~~~~~^^^^^^^^^^^^^^^^^^^^^^^^^^^^^^^^^^^^^^^^^^
  File "C:\Users\feama\sgs\src\tinystories.py", line 390, in download_fineweb_edu
    raise ImportError("pandas is required: pip install pandas pyarrow")
ImportError: pandas is required: pip install pandas pyarrow
